Archive member included to satisfy reference by file (symbol)

c:/totally_legal_version_of_quartus/nios2eds/bin/gnu/h-x86_64-mingw32/bin/../lib/gcc/nios2-elf/5.3.0\libgcc.a(lib2-divmod.o)
                              obj/default/drivers/drivers.o (__divsi3)
c:/totally_legal_version_of_quartus/nios2eds/bin/gnu/h-x86_64-mingw32/bin/../lib/gcc/nios2-elf/5.3.0\libgcc.a(fixsfsi.o)
                              obj/default/drivers/drivers.o (__fixsfsi)
c:/totally_legal_version_of_quartus/nios2eds/bin/gnu/h-x86_64-mingw32/bin/../lib/gcc/nios2-elf/5.3.0/../../../../../H-x86_64-mingw32/nios2-elf/lib\libc.a(lib_a-malloc.o)
                              obj/default/graphic_lib/draw_gimps.o (malloc)
c:/totally_legal_version_of_quartus/nios2eds/bin/gnu/h-x86_64-mingw32/bin/../lib/gcc/nios2-elf/5.3.0/../../../../../H-x86_64-mingw32/nios2-elf/lib\libc.a(lib_a-mallocr.o)
                              c:/totally_legal_version_of_quartus/nios2eds/bin/gnu/h-x86_64-mingw32/bin/../lib/gcc/nios2-elf/5.3.0/../../../../../H-x86_64-mingw32/nios2-elf/lib\libc.a(lib_a-malloc.o) (_malloc_r)
c:/totally_legal_version_of_quartus/nios2eds/bin/gnu/h-x86_64-mingw32/bin/../lib/gcc/nios2-elf/5.3.0/../../../../../H-x86_64-mingw32/nios2-elf/lib\libc.a(lib_a-memcpy.o)
                              obj/default/graphic_lib/draw_gimps.o (memcpy)
c:/totally_legal_version_of_quartus/nios2eds/bin/gnu/h-x86_64-mingw32/bin/../lib/gcc/nios2-elf/5.3.0/../../../../../H-x86_64-mingw32/nios2-elf/lib\libc.a(lib_a-memset.o)
                              obj/default/vip_fr.o (memset)
c:/totally_legal_version_of_quartus/nios2eds/bin/gnu/h-x86_64-mingw32/bin/../lib/gcc/nios2-elf/5.3.0/../../../../../H-x86_64-mingw32/nios2-elf/lib\libc.a(lib_a-printf.o)
                              obj/default/graphic_lib/draw_gimps.o (printf)
c:/totally_legal_version_of_quartus/nios2eds/bin/gnu/h-x86_64-mingw32/bin/../lib/gcc/nios2-elf/5.3.0/../../../../../H-x86_64-mingw32/nios2-elf/lib\libc.a(lib_a-sbrkr.o)
                              c:/totally_legal_version_of_quartus/nios2eds/bin/gnu/h-x86_64-mingw32/bin/../lib/gcc/nios2-elf/5.3.0/../../../../../H-x86_64-mingw32/nios2-elf/lib\libc.a(lib_a-mallocr.o) (_sbrk_r)
c:/totally_legal_version_of_quartus/nios2eds/bin/gnu/h-x86_64-mingw32/bin/../lib/gcc/nios2-elf/5.3.0/../../../../../H-x86_64-mingw32/nios2-elf/lib\libc.a(lib_a-strcpy.o)
                              obj/default/graphic_lib/simple_graphics.o (strcpy)
c:/totally_legal_version_of_quartus/nios2eds/bin/gnu/h-x86_64-mingw32/bin/../lib/gcc/nios2-elf/5.3.0/../../../../../H-x86_64-mingw32/nios2-elf/lib\libc.a(lib_a-strlen.o)
                              obj/default/graphic_lib/simple_graphics.o (strlen)
c:/totally_legal_version_of_quartus/nios2eds/bin/gnu/h-x86_64-mingw32/bin/../lib/gcc/nios2-elf/5.3.0/../../../../../H-x86_64-mingw32/nios2-elf/lib\libc.a(lib_a-vfprintf.o)
                              c:/totally_legal_version_of_quartus/nios2eds/bin/gnu/h-x86_64-mingw32/bin/../lib/gcc/nios2-elf/5.3.0/../../../../../H-x86_64-mingw32/nios2-elf/lib\libc.a(lib_a-printf.o) (___vfprintf_internal_r)
c:/totally_legal_version_of_quartus/nios2eds/bin/gnu/h-x86_64-mingw32/bin/../lib/gcc/nios2-elf/5.3.0/../../../../../H-x86_64-mingw32/nios2-elf/lib\libc.a(lib_a-wsetup.o)
                              c:/totally_legal_version_of_quartus/nios2eds/bin/gnu/h-x86_64-mingw32/bin/../lib/gcc/nios2-elf/5.3.0/../../../../../H-x86_64-mingw32/nios2-elf/lib\libc.a(lib_a-vfprintf.o) (__swsetup_r)
c:/totally_legal_version_of_quartus/nios2eds/bin/gnu/h-x86_64-mingw32/bin/../lib/gcc/nios2-elf/5.3.0/../../../../../H-x86_64-mingw32/nios2-elf/lib\libc.a(lib_a-dtoa.o)
                              c:/totally_legal_version_of_quartus/nios2eds/bin/gnu/h-x86_64-mingw32/bin/../lib/gcc/nios2-elf/5.3.0/../../../../../H-x86_64-mingw32/nios2-elf/lib\libc.a(lib_a-vfprintf.o) (_dtoa_r)
c:/totally_legal_version_of_quartus/nios2eds/bin/gnu/h-x86_64-mingw32/bin/../lib/gcc/nios2-elf/5.3.0/../../../../../H-x86_64-mingw32/nios2-elf/lib\libc.a(lib_a-fflush.o)
                              c:/totally_legal_version_of_quartus/nios2eds/bin/gnu/h-x86_64-mingw32/bin/../lib/gcc/nios2-elf/5.3.0/../../../../../H-x86_64-mingw32/nios2-elf/lib\libc.a(lib_a-vfprintf.o) (_fflush_r)
c:/totally_legal_version_of_quartus/nios2eds/bin/gnu/h-x86_64-mingw32/bin/../lib/gcc/nios2-elf/5.3.0/../../../../../H-x86_64-mingw32/nios2-elf/lib\libc.a(lib_a-findfp.o)
                              c:/totally_legal_version_of_quartus/nios2eds/bin/gnu/h-x86_64-mingw32/bin/../lib/gcc/nios2-elf/5.3.0/../../../../../H-x86_64-mingw32/nios2-elf/lib\libc.a(lib_a-vfprintf.o) (__sinit)
c:/totally_legal_version_of_quartus/nios2eds/bin/gnu/h-x86_64-mingw32/bin/../lib/gcc/nios2-elf/5.3.0/../../../../../H-x86_64-mingw32/nios2-elf/lib\libc.a(lib_a-freer.o)
                              c:/totally_legal_version_of_quartus/nios2eds/bin/gnu/h-x86_64-mingw32/bin/../lib/gcc/nios2-elf/5.3.0/../../../../../H-x86_64-mingw32/nios2-elf/lib\libc.a(lib_a-malloc.o) (_free_r)
[...]
Memory Configuration

Name             Origin             Length             Attributes
reset            0x0000000004000000 0x0000000000000020
sdram_BEFORE_EXCEPTION 0x0000000004000020 0x000000000057e400
sdram            0x000000000457e420 0x0000000003a81be0
*default*        0x0000000000000000 0xffffffffffffffff

Linker script and memory map

LOAD ../lab5_bsp//obj/HAL/src/crt0.o
LOAD obj/default/drivers/drivers.o
LOAD obj/default/fonts/tahomabold_20.o
LOAD obj/default/fonts/tahomabold_32.o
LOAD obj/default/frame.o
LOAD obj/default/graphic_lib/draw_gimps.o
LOAD obj/default/graphic_lib/gimp_bmp.o
LOAD obj/default/graphic_lib/simple_graphics.o
LOAD obj/default/graphic_lib/simple_text.o
LOAD obj/default/hello_ucosii.o
LOAD obj/default/imagenes/back_down.o
LOAD obj/default/imagenes/back_up.o
LOAD obj/default/imagenes/backward_arrow.o
LOAD obj/default/imagenes/ford_down.o
LOAD obj/default/imagenes/ford_up.o
LOAD obj/default/imagenes/forward_arrow.o
LOAD obj/default/imagenes/pause_down.o
LOAD obj/default/imagenes/pause_up.o
LOAD obj/default/imagenes/play_down.o
LOAD obj/default/imagenes/play_up.o
LOAD obj/default/imagenes/stop_down.o
LOAD obj/default/imagenes/stop_up.o
LOAD obj/default/song/song.o
LOAD obj/default/song/song_2.o
LOAD obj/default/song/song_3.o
LOAD obj/default/student_code/student_code.o
LOAD obj/default/vip_fr.o
LOAD c:/totally_legal_version_of_quartus/nios2eds/bin/gnu/h-x86_64-mingw32/bin/../lib/gcc/nios2-elf/5.3.0/../../../../../H-x86_64-mingw32/nios2-elf/lib\libstdc++.a
LOAD c:/totally_legal_version_of_quartus/nios2eds/bin/gnu/h-x86_64-mingw32/bin/../lib/gcc/nios2-elf/5.3.0/../../../../../H-x86_64-mingw32/nios2-elf/lib\libm.a
LOAD c:/totally_legal_version_of_quartus/nios2eds/bin/gnu/h-x86_64-mingw32/bin/../lib/gcc/nios2-elf/5.3.0\libgcc.a
START GROUP
LOAD c:/totally_legal_version_of_quartus/nios2eds/bin/gnu/h-x86_64-mingw32/bin/../lib/gcc/nios2-elf/5.3.0/../../../../../H-x86_64-mingw32/nios2-elf/lib\libc.a
LOAD c:/totally_legal_version_of_quartus/nios2eds/bin/gnu/h-x86_64-mingw32/bin/../lib/gcc/nios2-elf/5.3.0\libgcc.a
LOAD ../lab5_bsp/\libucosii_bsp.a
LOAD c:/totally_legal_version_of_quartus/nios2eds/bin/gnu/h-x86_64-mingw32/bin/../lib/gcc/nios2-elf/5.3.0/../../../../../H-x86_64-mingw32/nios2-elf/lib\libm.a
END GROUP
LOAD c:/totally_legal_version_of_quartus/nios2eds/bin/gnu/h-x86_64-mingw32/bin/../lib/gcc/nios2-elf/5.3.0\libgcc.a
                0x0000000004000000                __alt_mem_sdram = 0x4000000

.entry          0x0000000004000000       0x20
 *(.entry)
 .entry         0x0000000004000000       0x20 ../lab5_bsp//obj/HAL/src/crt0.o
                0x0000000004000000                __reset

.exceptions     0x000000000457e420      0x144
                0x000000000457e420                PROVIDE (__ram_exceptions_start, ABSOLUTE (.))
                0x000000000457e420                . = ALIGN (0x20)
 *(.irq)
 *(.exceptions.entry.label)
 .exceptions.entry.label
                0x000000000457e420        0x0 ../lab5_bsp/\libucosii_bsp.a(alt_irq_entry.o)
                0x000000000457e420                alt_irq_entry
 .exceptions.entry.label
                0x000000000457e420        0x0 ../lab5_bsp/\libucosii_bsp.a(alt_exception_entry.o)
                0x000000000457e420                alt_exception
 *(.exceptions.entry.user)
 *(.exceptions.entry.ecc_fatal)
 *(.exceptions.entry)
 .exceptions.entry
                0x000000000457e420       0x54 ../lab5_bsp/\libucosii_bsp.a(alt_exception_entry.o)
 *(.exceptions.irqtest.user)
 *(.exceptions.irqtest)
 .exceptions.irqtest
                0x000000000457e474       0x10 ../lab5_bsp/\libucosii_bsp.a(alt_irq_entry.o)
 *(.exceptions.irqhandler.user)
 *(.exceptions.irqhandler)
 .exceptions.irqhandler
                0x000000000457e484        0x4 ../lab5_bsp/\libucosii_bsp.a(alt_irq_entry.o)
 *(.exceptions.irqreturn.user)
 *(.exceptions.irqreturn)
 .exceptions.irqreturn
                0x000000000457e488        0x4 ../lab5_bsp/\libucosii_bsp.a(alt_irq_entry.o)
 *(.exceptions.notirq.label)
 .exceptions.notirq.label
                0x000000000457e48c        0x0 ../lab5_bsp/\libucosii_bsp.a(alt_irq_entry.o)
 *(.exceptions.notirq.user)
 *(.exceptions.notirq)
 .exceptions.notirq
                0x000000000457e48c        0x8 ../lab5_bsp/\libucosii_bsp.a(alt_exception_entry.o)
 *(.exceptions.soft.user)
 *(.exceptions.soft)
 *(.exceptions.unknown.user)
 *(.exceptions.unknown)
 .exceptions.unknown
                0x000000000457e494        0x4 ../lab5_bsp/\libucosii_bsp.a(alt_exception_entry.o)
 *(.exceptions.exit.label)
 .exceptions.exit.label
                0x000000000457e498        0x0 ../lab5_bsp/\libucosii_bsp.a(alt_irq_entry.o)
 .exceptions.exit.label
                0x000000000457e498        0x0 ../lab5_bsp/\libucosii_bsp.a(alt_exception_entry.o)
 *(.exceptions.exit.user)
 *(.exceptions.exit)
 .exceptions.exit
                0x000000000457e498       0x54 ../lab5_bsp/\libucosii_bsp.a(alt_exception_entry.o)
 *(.exceptions)
 .exceptions    0x000000000457e4ec       0x78 ../lab5_bsp/\libucosii_bsp.a(alt_irq_handler.o)
                0x000000000457e4ec                alt_irq_handler
                0x000000000457e564                PROVIDE (__ram_exceptions_end, ABSOLUTE (.))
                0x000000000457e420                PROVIDE (__flash_exceptions_start, LOADADDR (.exceptions))

.text           0x000000000457e564    0x1a68c
                [!provide]                        PROVIDE (stext, ABSOLUTE (.))
 *(.interp)
 *(.hash)
 *(.dynsym)
 *(.dynstr)
 *(.gnu.version)
 *(.gnu.version_d)
 *(.gnu.version_r)
 *(.rel.init)
 *(.rela.init)
 *(.rel.text .rel.text.* .rel.gnu.linkonce.t.*)
 *(.rela.text .rela.text.* .rela.gnu.linkonce.t.*)
 *(.rel.fini)
 *(.rela.fini)
 *(.rel.rodata .rel.rodata.* .rel.gnu.linkonce.r.*)
 *(.rela.rodata .rela.rodata.* .rela.gnu.linkonce.r.*)
 *(.rel.data .rel.data.* .rel.gnu.linkonce.d.*)
 *(.rela.data .rela.data.* .rela.gnu.linkonce.d.*)
 *(.rel.tdata .rel.tdata.* .rel.gnu.linkonce.td.*)
 *(.rela.tdata .rela.tdata.* .rela.gnu.linkonce.td.*)
 *(.rel.tbss .rel.tbss.* .rel.gnu.linkonce.tb.*)
 *(.rela.tbss .rela.tbss.* .rela.gnu.linkonce.tb.*)
 *(.rel.ctors)
 *(.rela.ctors)
 *(.rel.dtors)
 *(.rela.dtors)
 *(.rel.got)
 *(.rela.got)
 *(.rel.sdata .rel.sdata.* .rel.gnu.linkonce.s.*)
 *(.rela.sdata .rela.sdata.* .rela.gnu.linkonce.s.*)
 *(.rel.sbss .rel.sbss.* .rel.gnu.linkonce.sb.*)
 *(.rela.sbss .rela.sbss.* .rela.gnu.linkonce.sb.*)
 *(.rel.sdata2 .rel.sdata2.* .rel.gnu.linkonce.s2.*)
 *(.rela.sdata2 .rela.sdata2.* .rela.gnu.linkonce.s2.*)
 *(.rel.sbss2 .rel.sbss2.* .rel.gnu.linkonce.sb2.*)
 *(.rela.sbss2 .rela.sbss2.* .rela.gnu.linkonce.sb2.*)
 *(.rel.bss .rel.bss.* .rel.gnu.linkonce.b.*)
 *(.rela.bss .rela.bss.* .rela.gnu.linkonce.b.*)
 *(.rel.plt)
 *(.rela.plt)
 *(.rel.dyn)
 *(.init)
 *(.plt)
 *(.text .stub .text.* .gnu.linkonce.t.*)
 .text          0x000000000457e564       0x4c ../lab5_bsp//obj/HAL/src/crt0.o
                0x000000000457e564                _start
 .text          0x000000000457e5b0     0x1818 obj/default/drivers/drivers.o
                0x000000000457e5b0                audio_dac_wr_fifo
                0x000000000457e610                stop_wav
                0x000000000457e638                play_wav
                0x000000000457e658                pause_wav
                0x000000000457e670                audio_dac_fifo_full
                0x000000000457e684                init_audio_hw
                0x000000000457e6d8                set_audio_frequency_audio_controller
                0x000000000457e710                set_note
                0x000000000457e748                select_modulation
                0x000000000457e75c                select_signal
                0x000000000457e770                audio_selector
                0x000000000457e784                read_keyboard
                0x000000000457e794                mouse_pos
                0x000000000457e840                Sleep
                0x000000000457e88c                Beep
                0x000000000457e8c8                starwars
                0x000000000457ea28                gloria
                0x000000000457ef00                mario
                0x000000000457f79c                tetris
 .text          0x000000000457fdc8        0x0 obj/default/fonts/tahomabold_20.o
 .text          0x000000000457fdc8        0x0 obj/default/fonts/tahomabold_32.o
 .text          0x000000000457fdc8      0x118 obj/default/frame.o
                0x000000000457fdc8                ConfigVFR
                0x000000000457fe8c                GetFrameBuffer
                0x000000000457fea8                cleanscreen
 .text          0x000000000457fee0      0x508 obj/default/graphic_lib/draw_gimps.o
                0x000000000457fee0                AsVidCopyImageToBuffer
                0x000000000457ffb8                AsVidCopyImageToBuffer2
                0x0000000004580094                AsVidCopyImageToBuffer3
                0x0000000004580180                DispIMAGE
                0x0000000004580230                DispIMAGE_fit
                0x000000000458031c                DispIMAGE_from_gimp
 .text          0x00000000045803e8      0x508 obj/default/graphic_lib/gimp_bmp.o
                0x00000000045803e8                copy_pix_map_32_to_32
                0x0000000004580458                copy_pix_map_32_to_24
                0x00000000045804d8                copy_pix_map_32_to_16
                0x0000000004580560                copy_pix_map_24_to_32
                0x00000000045805e8                copy_pix_map_24_to_24
                0x0000000004580668                copy_pix_map_24_to_16
                0x0000000004580710                load_gimp_bmp
 .text          0x00000000045808f0     0x1f00 obj/default/graphic_lib/simple_graphics.o
                0x00000000045808f0                vid_scroll_string_quit
                0x0000000004580920                vid_scroll_string_init
                0x00000000045809f8                vid_set_pixel
                0x0000000004580aec                vid_print_char
                0x0000000004580bc4                vid_print_string
                0x0000000004580c98                vid_get_pixel
                0x0000000004580cf4                vid_move_block
                0x0000000004580df0                vid_paint_block
                0x0000000004580f7c                vid_clean_screen
                0x0000000004580fac                vid_draw_horiz_line
                0x00000000045811ec                vid_merge_colors
                0x0000000004581208                vid_color_convert24_16
                0x000000000458123c                vid_color_convert16_24
                0x0000000004581264                vid_copy_line_to_frame_buffer
                0x0000000004581424                vid_draw_sloped_line
                0x0000000004581588                vid_draw_line
                0x0000000004581604                vid_draw_box
                0x000000000458177c                vid_scroll_string
                0x0000000004581994                vid_round_corner_points
                0x0000000004581dec                vid_draw_circle
                0x0000000004581f0c                vid_draw_round_corner_box
                0x00000000045821f8                max_diff3
                0x0000000004582224                vid_bres_scan_edges
                0x000000000458236c                vid_draw_triangle
                0x0000000004582640                CopyImage16
                0x00000000045826f4                CropImage16
 .text          0x00000000045827f0      0x648 obj/default/graphic_lib/simple_text.o
                0x00000000045827f0                vid_print_char_alpha
                0x0000000004582c20                vid_print_string_alpha
                0x0000000004582dbc                vid_string_pixel_length_alpha
 .text          0x0000000004582e38     0x2ba4 obj/default/hello_ucosii.o
                0x0000000004582e38                draw_button
                0x0000000004582fb0                draw_nice_button
                0x00000000045830f0                task2
                0x000000000458518c                init_background
                0x000000000458577c                send_audio_fifo
                0x00000000045857e8                task1
                0x00000000045858e8                main
 .text          0x00000000045859dc        0x0 obj/default/imagenes/back_down.o
 .text          0x00000000045859dc        0x0 obj/default/imagenes/back_up.o
 .text          0x00000000045859dc        0x0 obj/default/imagenes/backward_arrow.o
 .text          0x00000000045859dc        0x0 obj/default/imagenes/ford_down.o
 .text          0x00000000045859dc        0x0 obj/default/imagenes/ford_up.o
 .text          0x00000000045859dc        0x0 obj/default/imagenes/forward_arrow.o
 .text          0x00000000045859dc        0x0 obj/default/imagenes/pause_down.o
 .text          0x00000000045859dc        0x0 obj/default/imagenes/pause_up.o
 .text          0x00000000045859dc        0x0 obj/default/imagenes/play_down.o
 .text          0x00000000045859dc        0x0 obj/default/imagenes/play_up.o
 .text          0x00000000045859dc        0x0 obj/default/imagenes/stop_down.o
 .text          0x00000000045859dc        0x0 obj/default/imagenes/stop_up.o
 .text          0x00000000045859dc        0x0 obj/default/song/song.o
 .text          0x00000000045859dc        0x0 obj/default/song/song_2.o
 .text          0x00000000045859dc        0x0 obj/default/song/song_3.o
 .text          0x00000000045859dc       0x98 obj/default/student_code/student_code.o
                0x00000000045859dc                handle_lfsr_interrupts
                0x0000000004585a28                init_lfsr_interrupt
 .text          0x0000000004585a74      0x2b8 obj/default/vip_fr.o
                0x0000000004585a74                VIPFR_UnInit
                0x0000000004585a90                VIPFR_Go
                0x0000000004585aa0                VIPFR_GetDrawFrame
                0x0000000004585ab8                VIPFR_ActiveDrawFrame
                0x0000000004585b00                DRAW_EraseScreen
                0x0000000004585b50                FrameReader_SetFrame0
                0x0000000004585b78                FrameReader_SetFrame1
                0x0000000004585ba0                VIPFR_SetFrameSize
                0x0000000004585c24                VIPFR_Init
                0x0000000004585cc8                FrameReader_SelectFrame
                0x0000000004585cd4                FrameReader_Go
                0x0000000004585ce0                VIPFR_ReserveBackground
 .text          0x0000000004585d2c      0x1b4 c:/totally_legal_version_of_quartus/nios2eds/bin/gnu/h-x86_64-mingw32/bin/../lib/gcc/nios2-elf/5.3.0\libgcc.a(lib2-divmod.o)
                0x0000000004585d2c                __divsi3
                0x0000000004585db0                __modsi3
                0x0000000004585e24                __udivsi3
                0x0000000004585e88                __umodsi3
 .text          0x0000000004585ee0       0x70 c:/totally_legal_version_of_quartus/nios2eds/bin/gnu/h-x86_64-mingw32/bin/../lib/gcc/nios2-elf/5.3.0\libgcc.a(fixsfsi.o)
                0x0000000004585ee0                __fixsfsi
 .text          0x0000000004585f50        0x0 c:/totally_legal_version_of_quartus/nios2eds/bin/gnu/h-x86_64-mingw32/bin/../lib/gcc/nios2-elf/5.3.0/../../../../../H-x86_64-mingw32/nios2-elf/lib\libc.a(lib_a-malloc.o)
 .text.malloc   0x0000000004585f50       0x14 c:/totally_legal_version_of_quartus/nios2eds/bin/gnu/h-x86_64-mingw32/bin/../lib/gcc/nios2-elf/5.3.0/../../../../../H-x86_64-mingw32/nios2-elf/lib\libc.a(lib_a-malloc.o)
                0x0000000004585f50                malloc
 .text.free     0x0000000004585f64       0x14 c:/totally_legal_version_of_quartus/nios2eds/bin/gnu/h-x86_64-mingw32/bin/../lib/gcc/nios2-elf/5.3.0/../../../../../H-x86_64-mingw32/nios2-elf/lib\libc.a(lib_a-malloc.o)
                0x0000000004585f64                free
 .text          0x0000000004585f78        0x0 c:/totally_legal_version_of_quartus/nios2eds/bin/gnu/h-x86_64-mingw32/bin/../lib/gcc/nios2-elf/5.3.0/../../../../../H-x86_64-mingw32/nios2-elf/lib\libc.a(lib_a-mallocr.o)
 .text._malloc_r
                0x0000000004585f78      0x80c c:/totally_legal_version_of_quartus/nios2eds/bin/gnu/h-x86_64-mingw32/bin/../lib/gcc/nios2-elf/5.3.0/../../../../../H-x86_64-mingw32/nios2-elf/lib\libc.a(lib_a-mallocr.o)
                0x0000000004585f78                _malloc_r
 .text          0x0000000004586784        0x0 c:/totally_legal_version_of_quartus/nios2eds/bin/gnu/h-x86_64-mingw32/bin/../lib/gcc/nios2-elf/5.3.0/../../../../../H-x86_64-mingw32/nios2-elf/lib\libc.a(lib_a-memcpy.o)
 .text.memcpy   0x0000000004586784      0x148 c:/totally_legal_version_of_quartus/nios2eds/bin/gnu/h-x86_64-mingw32/bin/../lib/gcc/nios2-elf/5.3.0/../../../../../H-x86_64-mingw32/nios2-elf/lib\libc.a(lib_a-memcpy.o)
                0x0000000004586784                memcpy
 .text          0x00000000045868cc        0x0 c:/totally_legal_version_of_quartus/nios2eds/bin/gnu/h-x86_64-mingw32/bin/../lib/gcc/nios2-elf/5.3.0/../../../../../H-x86_64-mingw32/nios2-elf/lib\libc.a(lib_a-memset.o)
 .text.memset   0x00000000045868cc      0x128 c:/totally_legal_version_of_quartus/nios2eds/bin/gnu/h-x86_64-mingw32/bin/../lib/gcc/nios2-elf/5.3.0/../../../../../H-x86_64-mingw32/nios2-elf/lib\libc.a(lib_a-memset.o)
                0x00000000045868cc                memset
 .text          0x00000000045869f4        0x0 c:/totally_legal_version_of_quartus/nios2eds/bin/gnu/h-x86_64-mingw32/bin/../lib/gcc/nios2-elf/5.3.0/../../../../../H-x86_64-mingw32/nios2-elf/lib\libc.a(lib_a-printf.o)
 .text._printf_r
                0x00000000045869f4       0x30 c:/totally_legal_version_of_quartus/nios2eds/bin/gnu/h-x86_64-mingw32/bin/../lib/gcc/nios2-elf/5.3.0/../../../../../H-x86_64-mingw32/nios2-elf/lib\libc.a(lib_a-printf.o)
                0x00000000045869f4                _printf_r
 .text.printf   0x0000000004586a24       0x3c c:/totally_legal_version_of_quartus/nios2eds/bin/gnu/h-x86_64-mingw32/bin/../lib/gcc/nios2-elf/5.3.0/../../../../../H-x86_64-mingw32/nios2-elf/lib\libc.a(lib_a-printf.o)
                0x0000000004586a24                printf
 .text          0x0000000004586a60        0x0 c:/totally_legal_version_of_quartus/nios2eds/bin/gnu/h-x86_64-mingw32/bin/../lib/gcc/nios2-elf/5.3.0/../../../../../H-x86_64-mingw32/nios2-elf/lib\libc.a(lib_a-sbrkr.o)
 .text._sbrk_r  0x0000000004586a60       0x54 c:/totally_legal_version_of_quartus/nios2eds/bin/gnu/h-x86_64-mingw32/bin/../lib/gcc/nios2-elf/5.3.0/../../../../../H-x86_64-mingw32/nios2-elf/lib\libc.a(lib_a-sbrkr.o)
                0x0000000004586a60                _sbrk_r
 .text          0x0000000004586ab4        0x0 c:/totally_legal_version_of_quartus/nios2eds/bin/gnu/h-x86_64-mingw32/bin/../lib/gcc/nios2-elf/5.3.0/../../../../../H-x86_64-mingw32/nios2-elf/lib\libc.a(lib_a-strcpy.o)
 .text.strcpy   0x0000000004586ab4       0x90 c:/totally_legal_version_of_quartus/nios2eds/bin/gnu/h-x86_64-mingw32/bin/../lib/gcc/nios2-elf/5.3.0/../../../../../H-x86_64-mingw32/nios2-elf/lib\libc.a(lib_a-strcpy.o)
                0x0000000004586ab4                strcpy
 .text          0x0000000004586b44        0x0 c:/totally_legal_version_of_quartus/nios2eds/bin/gnu/h-x86_64-mingw32/bin/../lib/gcc/nios2-elf/5.3.0/../../../../../H-x86_64-mingw32/nios2-elf/lib\libc.a(lib_a-strlen.o)
 .text.strlen   0x0000000004586b44       0x98 c:/totally_legal_version_of_quartus/nios2eds/bin/gnu/h-x86_64-mingw32/bin/../lib/gcc/nios2-elf/5.3.0/../../../../../H-x86_64-mingw32/nios2-elf/lib\libc.a(lib_a-strlen.o)
                0x0000000004586b44                strlen
 .text          0x0000000004586bdc        0x0 c:/totally_legal_version_of_quartus/nios2eds/bin/gnu/h-x86_64-mingw32/bin/../lib/gcc/nios2-elf/5.3.0/../../../../../H-x86_64-mingw32/nios2-elf/lib\libc.a(lib_a-vfprintf.o)
 .text.___vfprintf_internal_r
                0x0000000004586bdc     0x21f8 c:/totally_legal_version_of_quartus/nios2eds/bin/gnu/h-x86_64-mingw32/bin/../lib/gcc/nios2-elf/5.3.0/../../../../../H-x86_64-mingw32/nios2-elf/lib\libc.a(lib_a-vfprintf.o)
                0x0000000004586bdc                ___vfprintf_internal_r
 .text.__vfprintf_internal
                0x0000000004588dd4       0x1c c:/totally_legal_version_of_quartus/nios2eds/bin/gnu/h-x86_64-mingw32/bin/../lib/gcc/nios2-elf/5.3.0/../../../../../H-x86_64-mingw32/nios2-elf/lib\libc.a(lib_a-vfprintf.o)
                0x0000000004588dd4                __vfprintf_internal
 .text.__sbprintf
                0x0000000004588df0       0xbc c:/totally_legal_version_of_quartus/nios2eds/bin/gnu/h-x86_64-mingw32/bin/../lib/gcc/nios2-elf/5.3.0/../../../../../H-x86_64-mingw32/nios2-elf/lib\libc.a(lib_a-vfprintf.o)
 .text          0x0000000004588eac        0x0 c:/totally_legal_version_of_quartus/nios2eds/bin/gnu/h-x86_64-mingw32/bin/../lib/gcc/nios2-elf/5.3.0/../../../../../H-x86_64-mingw32/nios2-elf/lib\libc.a(lib_a-wsetup.o)
 .text.__swsetup_r
                0x0000000004588eac      0x154 c:/totally_legal_version_of_quartus/nios2eds/bin/gnu/h-x86_64-mingw32/bin/../lib/gcc/nios2-elf/5.3.0/../../../../../H-x86_64-mingw32/nios2-elf/lib\libc.a(lib_a-wsetup.o)
                0x0000000004588eac                __swsetup_r
 .text          0x0000000004589000        0x0 c:/totally_legal_version_of_quartus/nios2eds/bin/gnu/h-x86_64-mingw32/bin/../lib/gcc/nios2-elf/5.3.0/../../../../../H-x86_64-mingw32/nios2-elf/lib\libc.a(lib_a-dtoa.o)
 .text.quorem   0x0000000004589000      0x200 c:/totally_legal_version_of_quartus/nios2eds/bin/gnu/h-x86_64-mingw32/bin/../lib/gcc/nios2-elf/5.3.0/../../../../../H-x86_64-mingw32/nios2-elf/lib\libc.a(lib_a-dtoa.o)
 .text._dtoa_r  0x0000000004589200     0x1688 c:/totally_legal_version_of_quartus/nios2eds/bin/gnu/h-x86_64-mingw32/bin/../lib/gcc/nios2-elf/5.3.0/../../../../../H-x86_64-mingw32/nios2-elf/lib\libc.a(lib_a-dtoa.o)
                0x0000000004589200                _dtoa_r
 .text          0x000000000458a888        0x0 c:/totally_legal_version_of_quartus/nios2eds/bin/gnu/h-x86_64-mingw32/bin/../lib/gcc/nios2-elf/5.3.0/../../../../../H-x86_64-mingw32/nios2-elf/lib\libc.a(lib_a-fflush.o)
 .text.__sflush_r
                0x000000000458a888      0x21c c:/totally_legal_version_of_quartus/nios2eds/bin/gnu/h-x86_64-mingw32/bin/../lib/gcc/nios2-elf/5.3.0/../../../../../H-x86_64-mingw32/nios2-elf/lib\libc.a(lib_a-fflush.o)
                0x000000000458a888                __sflush_r
 .text._fflush_r
                0x000000000458aaa4       0x5c c:/totally_legal_version_of_quartus/nios2eds/bin/gnu/h-x86_64-mingw32/bin/../lib/gcc/nios2-elf/5.3.0/../../../../../H-x86_64-mingw32/nios2-elf/lib\libc.a(lib_a-fflush.o)
                0x000000000458aaa4                _fflush_r
 .text.fflush   0x000000000458ab00       0x30 c:/totally_legal_version_of_quartus/nios2eds/bin/gnu/h-x86_64-mingw32/bin/../lib/gcc/nios2-elf/5.3.0/../../../../../H-x86_64-mingw32/nios2-elf/lib\libc.a(lib_a-fflush.o)
                0x000000000458ab00                fflush
 .text          0x000000000458ab30        0x0 c:/totally_legal_version_of_quartus/nios2eds/bin/gnu/h-x86_64-mingw32/bin/../lib/gcc/nios2-elf/5.3.0/../../../../../H-x86_64-mingw32/nios2-elf/lib\libc.a(lib_a-findfp.o)
 .text.__fp_unlock
                0x000000000458ab30        0x8 c:/totally_legal_version_of_quartus/nios2eds/bin/gnu/h-x86_64-mingw32/bin/../lib/gcc/nios2-elf/5.3.0/../../../../../H-x86_64-mingw32/nios2-elf/lib\libc.a(lib_a-findfp.o)
 .text._cleanup_r
                0x000000000458ab38        0xc c:/totally_legal_version_of_quartus/nios2eds/bin/gnu/h-x86_64-mingw32/bin/../lib/gcc/nios2-elf/5.3.0/../../../../../H-x86_64-mingw32/nios2-elf/lib\libc.a(lib_a-findfp.o)
                0x000000000458ab38                _cleanup_r
 .text.__sinit.part.1
                0x000000000458ab44      0x19c c:/totally_legal_version_of_quartus/nios2eds/bin/gnu/h-x86_64-mingw32/bin/../lib/gcc/nios2-elf/5.3.0/../../../../../H-x86_64-mingw32/nios2-elf/lib\libc.a(lib_a-findfp.o)
 .text.__fp_lock
                0x000000000458ace0        0x8 c:/totally_legal_version_of_quartus/nios2eds/bin/gnu/h-x86_64-mingw32/bin/../lib/gcc/nios2-elf/5.3.0/../../../../../H-x86_64-mingw32/nios2-elf/lib\libc.a(lib_a-findfp.o)
 .text.__sfmoreglue
                0x000000000458ace8       0x68 c:/totally_legal_version_of_quartus/nios2eds/bin/gnu/h-x86_64-mingw32/bin/../lib/gcc/nios2-elf/5.3.0/../../../../../H-x86_64-mingw32/nios2-elf/lib\libc.a(lib_a-findfp.o)
                0x000000000458ace8                __sfmoreglue
 .text.__sfp    0x000000000458ad50      0x118 c:/totally_legal_version_of_quartus/nios2eds/bin/gnu/h-x86_64-mingw32/bin/../lib/gcc/nios2-elf/5.3.0/../../../../../H-x86_64-mingw32/nios2-elf/lib\libc.a(lib_a-findfp.o)
                0x000000000458ad50                __sfp
 .text._cleanup
                0x000000000458ae68       0x18 c:/totally_legal_version_of_quartus/nios2eds/bin/gnu/h-x86_64-mingw32/bin/../lib/gcc/nios2-elf/5.3.0/../../../../../H-x86_64-mingw32/nios2-elf/lib\libc.a(lib_a-findfp.o)
                0x000000000458ae68                _cleanup
 .text.__sinit  0x000000000458ae80       0x10 c:/totally_legal_version_of_quartus/nios2eds/bin/gnu/h-x86_64-mingw32/bin/../lib/gcc/nios2-elf/5.3.0/../../../../../H-x86_64-mingw32/nios2-elf/lib\libc.a(lib_a-findfp.o)
                0x000000000458ae80                __sinit
 .text.__sfp_lock_acquire
                0x000000000458ae90        0x4 c:/totally_legal_version_of_quartus/nios2eds/bin/gnu/h-x86_64-mingw32/bin/../lib/gcc/nios2-elf/5.3.0/../../../../../H-x86_64-mingw32/nios2-elf/lib\libc.a(lib_a-findfp.o)
                0x000000000458ae90                __sfp_lock_acquire
 .text.__sfp_lock_release
                0x000000000458ae94        0x4 c:/totally_legal_version_of_quartus/nios2eds/bin/gnu/h-x86_64-mingw32/bin/../lib/gcc/nios2-elf/5.3.0/../../../../../H-x86_64-mingw32/nios2-elf/lib\libc.a(lib_a-findfp.o)
                0x000000000458ae94                __sfp_lock_release
 .text.__sinit_lock_acquire
                0x000000000458ae98        0x4 c:/totally_legal_version_of_quartus/nios2eds/bin/gnu/h-x86_64-mingw32/bin/../lib/gcc/nios2-elf/5.3.0/../../../../../H-x86_64-mingw32/nios2-elf/lib\libc.a(lib_a-findfp.o)
                0x000000000458ae98                __sinit_lock_acquire
 .text.__sinit_lock_release
                0x000000000458ae9c        0x4 c:/totally_legal_version_of_quartus/nios2eds/bin/gnu/h-x86_64-mingw32/bin/../lib/gcc/nios2-elf/5.3.0/../../../../../H-x86_64-mingw32/nios2-elf/lib\libc.a(lib_a-findfp.o)
                0x000000000458ae9c                __sinit_lock_release
 .text.__fp_lock_all
                0x000000000458aea0       0x18 c:/totally_legal_version_of_quartus/nios2eds/bin/gnu/h-x86_64-mingw32/bin/../lib/gcc/nios2-elf/5.3.0/../../../../../H-x86_64-mingw32/nios2-elf/lib\libc.a(lib_a-findfp.o)
                0x000000000458aea0                __fp_lock_all
 .text.__fp_unlock_all
                0x000000000458aeb8       0x18 c:/totally_legal_version_of_quartus/nios2eds/bin/gnu/h-x86_64-mingw32/bin/../lib/gcc/nios2-elf/5.3.0/../../../../../H-x86_64-mingw32/nios2-elf/lib\libc.a(lib_a-findfp.o)
                0x000000000458aeb8                __fp_unlock_all
 .text          0x000000000458aed0        0x0 c:/totally_legal_version_of_quartus/nios2eds/bin/gnu/h-x86_64-mingw32/bin/../lib/gcc/nios2-elf/5.3.0/../../../../../H-x86_64-mingw32/nios2-elf/lib\libc.a(lib_a-freer.o)
 .text._malloc_trim_r
                0x000000000458aed0      0x124 c:/totally_legal_version_of_quartus/nios2eds/bin/gnu/h-x86_64-mingw32/bin/../lib/gcc/nios2-elf/5.3.0/../../../../../H-x86_64-mingw32/nios2-elf/lib\libc.a(lib_a-freer.o)
                0x000000000458aed0                _malloc_trim_r
 .text._free_r  0x000000000458aff4      0x310 c:/totally_legal_version_of_quartus/nios2eds/bin/gnu/h-x86_64-mingw32/bin/../lib/gcc/nios2-elf/5.3.0/../../../../../H-x86_64-mingw32/nios2-elf/lib\libc.a(lib_a-freer.o)
                0x000000000458aff4                _free_r
 .text          0x000000000458b304        0x0 c:/totally_legal_version_of_quartus/nios2eds/bin/gnu/h-x86_64-mingw32/bin/../lib/gcc/nios2-elf/5.3.0/../../../../../H-x86_64-mingw32/nios2-elf/lib\libc.a(lib_a-fwalk.o)
 .text._fwalk   0x000000000458b304       0xc4 c:/totally_legal_version_of_quartus/nios2eds/bin/gnu/h-x86_64-mingw32/bin/../lib/gcc/nios2-elf/5.3.0/../../../../../H-x86_64-mingw32/nios2-elf/lib\libc.a(lib_a-fwalk.o)
                0x000000000458b304                _fwalk
 .text._fwalk_reent
                0x000000000458b3c8       0xc4 c:/totally_legal_version_of_quartus/nios2eds/bin/gnu/h-x86_64-mingw32/bin/../lib/gcc/nios2-elf/5.3.0/../../../../../H-x86_64-mingw32/nios2-elf/lib\libc.a(lib_a-fwalk.o)
                0x000000000458b3c8                _fwalk_reent
 .text          0x000000000458b48c        0x0 c:/totally_legal_version_of_quartus/nios2eds/bin/gnu/h-x86_64-mingw32/bin/../lib/gcc/nios2-elf/5.3.0/../../../../../H-x86_64-mingw32/nios2-elf/lib\libc.a(lib_a-impure.o)
 .text          0x000000000458b48c        0x0 c:/totally_legal_version_of_quartus/nios2eds/bin/gnu/h-x86_64-mingw32/bin/../lib/gcc/nios2-elf/5.3.0/../../../../../H-x86_64-mingw32/nios2-elf/lib\libc.a(lib_a-int_errno.o)
 .text          0x000000000458b48c        0x0 c:/totally_legal_version_of_quartus/nios2eds/bin/gnu/h-x86_64-mingw32/bin/../lib/gcc/nios2-elf/5.3.0/../../../../../H-x86_64-mingw32/nios2-elf/lib\libc.a(lib_a-locale.o)
 .text._setlocale_r
                0x000000000458b48c       0x7c c:/totally_legal_version_of_quartus/nios2eds/bin/gnu/h-x86_64-mingw32/bin/../lib/gcc/nios2-elf/5.3.0/../../../../../H-x86_64-mingw32/nios2-elf/lib\libc.a(lib_a-locale.o)
                0x000000000458b48c                _setlocale_r
 .text.__locale_charset
                0x000000000458b508        0xc c:/totally_legal_version_of_quartus/nios2eds/bin/gnu/h-x86_64-mingw32/bin/../lib/gcc/nios2-elf/5.3.0/../../../../../H-x86_64-mingw32/nios2-elf/lib\libc.a(lib_a-locale.o)
                0x000000000458b508                __locale_charset
 .text.__locale_mb_cur_max
                0x000000000458b514       0x10 c:/totally_legal_version_of_quartus/nios2eds/bin/gnu/h-x86_64-mingw32/bin/../lib/gcc/nios2-elf/5.3.0/../../../../../H-x86_64-mingw32/nios2-elf/lib\libc.a(lib_a-locale.o)
                0x000000000458b514                __locale_mb_cur_max
 .text.__locale_msgcharset
                0x000000000458b524        0xc c:/totally_legal_version_of_quartus/nios2eds/bin/gnu/h-x86_64-mingw32/bin/../lib/gcc/nios2-elf/5.3.0/../../../../../H-x86_64-mingw32/nios2-elf/lib\libc.a(lib_a-locale.o)
                0x000000000458b524                __locale_msgcharset
 .text.__locale_cjk_lang
                0x000000000458b530        0x8 c:/totally_legal_version_of_quartus/nios2eds/bin/gnu/h-x86_64-mingw32/bin/../lib/gcc/nios2-elf/5.3.0/../../../../../H-x86_64-mingw32/nios2-elf/lib\libc.a(lib_a-locale.o)
                0x000000000458b530                __locale_cjk_lang
 .text._localeconv_r
                0x000000000458b538        0xc c:/totally_legal_version_of_quartus/nios2eds/bin/gnu/h-x86_64-mingw32/bin/../lib/gcc/nios2-elf/5.3.0/../../../../../H-x86_64-mingw32/nios2-elf/lib\libc.a(lib_a-locale.o)
                0x000000000458b538                _localeconv_r
 .text.setlocale
                0x000000000458b544       0x18 c:/totally_legal_version_of_quartus/nios2eds/bin/gnu/h-x86_64-mingw32/bin/../lib/gcc/nios2-elf/5.3.0/../../../../../H-x86_64-mingw32/nios2-elf/lib\libc.a(lib_a-locale.o)
                0x000000000458b544                setlocale
 .text.localeconv
                0x000000000458b55c        0xc c:/totally_legal_version_of_quartus/nios2eds/bin/gnu/h-x86_64-mingw32/bin/../lib/gcc/nios2-elf/5.3.0/../../../../../H-x86_64-mingw32/nios2-elf/lib\libc.a(lib_a-locale.o)
                0x000000000458b55c                localeconv
 .text          0x000000000458b568        0x0 c:/totally_legal_version_of_quartus/nios2eds/bin/gnu/h-x86_64-mingw32/bin/../lib/gcc/nios2-elf/5.3.0/../../../../../H-x86_64-mingw32/nios2-elf/lib\libc.a(lib_a-makebuf.o)
 .text.__smakebuf_r
                0x000000000458b568      0x1bc c:/totally_legal_version_of_quartus/nios2eds/bin/gnu/h-x86_64-mingw32/bin/../lib/gcc/nios2-elf/5.3.0/../../../../../H-x86_64-mingw32/nios2-elf/lib\libc.a(lib_a-makebuf.o)
                0x000000000458b568                __smakebuf_r
 .text          0x000000000458b724        0x0 c:/totally_legal_version_of_quartus/nios2eds/bin/gnu/h-x86_64-mingw32/bin/../lib/gcc/nios2-elf/5.3.0/../../../../../H-x86_64-mingw32/nios2-elf/lib\libc.a(lib_a-memchr.o)
 .text.memchr   0x000000000458b724       0xe4 c:/totally_legal_version_of_quartus/nios2eds/bin/gnu/h-x86_64-mingw32/bin/../lib/gcc/nios2-elf/5.3.0/../../../../../H-x86_64-mingw32/nios2-elf/lib\libc.a(lib_a-memchr.o)
                0x000000000458b724                memchr
 .text          0x000000000458b808        0x0 c:/totally_legal_version_of_quartus/nios2eds/bin/gnu/h-x86_64-mingw32/bin/../lib/gcc/nios2-elf/5.3.0/../../../../../H-x86_64-mingw32/nios2-elf/lib\libc.a(lib_a-mprec.o)
 .text._Balloc  0x000000000458b808       0xa8 c:/totally_legal_version_of_quartus/nios2eds/bin/gnu/h-x86_64-mingw32/bin/../lib/gcc/nios2-elf/5.3.0/../../../../../H-x86_64-mingw32/nios2-elf/lib\libc.a(lib_a-mprec.o)
                0x000000000458b808                _Balloc
 .text._Bfree   0x000000000458b8b0       0x28 c:/totally_legal_version_of_quartus/nios2eds/bin/gnu/h-x86_64-mingw32/bin/../lib/gcc/nios2-elf/5.3.0/../../../../../H-x86_64-mingw32/nios2-elf/lib\libc.a(lib_a-mprec.o)
                0x000000000458b8b0                _Bfree
 .text.__multadd
                0x000000000458b8d8      0x120 c:/totally_legal_version_of_quartus/nios2eds/bin/gnu/h-x86_64-mingw32/bin/../lib/gcc/nios2-elf/5.3.0/../../../../../H-x86_64-mingw32/nios2-elf/lib\libc.a(lib_a-mprec.o)
                0x000000000458b8d8                __multadd
 .text.__s2b    0x000000000458b9f8      0x104 c:/totally_legal_version_of_quartus/nios2eds/bin/gnu/h-x86_64-mingw32/bin/../lib/gcc/nios2-elf/5.3.0/../../../../../H-x86_64-mingw32/nios2-elf/lib\libc.a(lib_a-mprec.o)
                0x000000000458b9f8                __s2b
 .text.__hi0bits
                0x000000000458bafc       0x68 c:/totally_legal_version_of_quartus/nios2eds/bin/gnu/h-x86_64-mingw32/bin/../lib/gcc/nios2-elf/5.3.0/../../../../../H-x86_64-mingw32/nios2-elf/lib\libc.a(lib_a-mprec.o)
                0x000000000458bafc                __hi0bits
 .text.__lo0bits
                0x000000000458bb64       0xb0 c:/totally_legal_version_of_quartus/nios2eds/bin/gnu/h-x86_64-mingw32/bin/../lib/gcc/nios2-elf/5.3.0/../../../../../H-x86_64-mingw32/nios2-elf/lib\libc.a(lib_a-mprec.o)
                0x000000000458bb64                __lo0bits
 .text.__i2b    0x000000000458bc14       0x3c c:/totally_legal_version_of_quartus/nios2eds/bin/gnu/h-x86_64-mingw32/bin/../lib/gcc/nios2-elf/5.3.0/../../../../../H-x86_64-mingw32/nios2-elf/lib\libc.a(lib_a-mprec.o)
                0x000000000458bc14                __i2b
 .text.__multiply
                0x000000000458bc50      0x1f8 c:/totally_legal_version_of_quartus/nios2eds/bin/gnu/h-x86_64-mingw32/bin/../lib/gcc/nios2-elf/5.3.0/../../../../../H-x86_64-mingw32/nios2-elf/lib\libc.a(lib_a-mprec.o)
                0x000000000458bc50                __multiply
 .text.__pow5mult
                0x000000000458be48      0x140 c:/totally_legal_version_of_quartus/nios2eds/bin/gnu/h-x86_64-mingw32/bin/../lib/gcc/nios2-elf/5.3.0/../../../../../H-x86_64-mingw32/nios2-elf/lib\libc.a(lib_a-mprec.o)
                0x000000000458be48                __pow5mult
 .text.__lshift
                0x000000000458bf88      0x148 c:/totally_legal_version_of_quartus/nios2eds/bin/gnu/h-x86_64-mingw32/bin/../lib/gcc/nios2-elf/5.3.0/../../../../../H-x86_64-mingw32/nios2-elf/lib\libc.a(lib_a-mprec.o)
                0x000000000458bf88                __lshift
 .text.__mcmp   0x000000000458c0d0       0x60 c:/totally_legal_version_of_quartus/nios2eds/bin/gnu/h-x86_64-mingw32/bin/../lib/gcc/nios2-elf/5.3.0/../../../../../H-x86_64-mingw32/nios2-elf/lib\libc.a(lib_a-mprec.o)
                0x000000000458c0d0                __mcmp
 .text.__mdiff  0x000000000458c130      0x1fc c:/totally_legal_version_of_quartus/nios2eds/bin/gnu/h-x86_64-mingw32/bin/../lib/gcc/nios2-elf/5.3.0/../../../../../H-x86_64-mingw32/nios2-elf/lib\libc.a(lib_a-mprec.o)
                0x000000000458c130                __mdiff
 .text.__ulp    0x000000000458c32c       0x64 c:/totally_legal_version_of_quartus/nios2eds/bin/gnu/h-x86_64-mingw32/bin/../lib/gcc/nios2-elf/5.3.0/../../../../../H-x86_64-mingw32/nios2-elf/lib\libc.a(lib_a-mprec.o)
                0x000000000458c32c                __ulp
 .text.__b2d    0x000000000458c390      0x10c c:/totally_legal_version_of_quartus/nios2eds/bin/gnu/h-x86_64-mingw32/bin/../lib/gcc/nios2-elf/5.3.0/../../../../../H-x86_64-mingw32/nios2-elf/lib\libc.a(lib_a-mprec.o)
                0x000000000458c390                __b2d
 .text.__d2b    0x000000000458c49c      0x14c c:/totally_legal_version_of_quartus/nios2eds/bin/gnu/h-x86_64-mingw32/bin/../lib/gcc/nios2-elf/5.3.0/../../../../../H-x86_64-mingw32/nios2-elf/lib\libc.a(lib_a-mprec.o)
                0x000000000458c49c                __d2b
 .text.__ratio  0x000000000458c5e8       0xa4 c:/totally_legal_version_of_quartus/nios2eds/bin/gnu/h-x86_64-mingw32/bin/../lib/gcc/nios2-elf/5.3.0/../../../../../H-x86_64-mingw32/nios2-elf/lib\libc.a(lib_a-mprec.o)
                0x000000000458c5e8                __ratio
 .text._mprec_log10
                0x000000000458c68c       0x74 c:/totally_legal_version_of_quartus/nios2eds/bin/gnu/h-x86_64-mingw32/bin/../lib/gcc/nios2-elf/5.3.0/../../../../../H-x86_64-mingw32/nios2-elf/lib\libc.a(lib_a-mprec.o)
                0x000000000458c68c                _mprec_log10
 .text.__copybits
                0x000000000458c700       0x78 c:/totally_legal_version_of_quartus/nios2eds/bin/gnu/h-x86_64-mingw32/bin/../lib/gcc/nios2-elf/5.3.0/../../../../../H-x86_64-mingw32/nios2-elf/lib\libc.a(lib_a-mprec.o)
                0x000000000458c700                __copybits
 .text.__any_on
                0x000000000458c778       0x8c c:/totally_legal_version_of_quartus/nios2eds/bin/gnu/h-x86_64-mingw32/bin/../lib/gcc/nios2-elf/5.3.0/../../../../../H-x86_64-mingw32/nios2-elf/lib\libc.a(lib_a-mprec.o)
                0x000000000458c778                __any_on
 .text          0x000000000458c804        0x0 c:/totally_legal_version_of_quartus/nios2eds/bin/gnu/h-x86_64-mingw32/bin/../lib/gcc/nios2-elf/5.3.0/../../../../../H-x86_64-mingw32/nios2-elf/lib\libc.a(lib_a-s_fpclassify.o)
 .text.__fpclassifyd
                0x000000000458c804       0x74 c:/totally_legal_version_of_quartus/nios2eds/bin/gnu/h-x86_64-mingw32/bin/../lib/gcc/nios2-elf/5.3.0/../../../../../H-x86_64-mingw32/nios2-elf/lib\libc.a(lib_a-s_fpclassify.o)
                0x000000000458c804                __fpclassifyd
 .text          0x000000000458c878        0x0 c:/totally_legal_version_of_quartus/nios2eds/bin/gnu/h-x86_64-mingw32/bin/../lib/gcc/nios2-elf/5.3.0/../../../../../H-x86_64-mingw32/nios2-elf/lib\libc.a(lib_a-stdio.o)
 .text.__sread  0x000000000458c878       0x54 c:/totally_legal_version_of_quartus/nios2eds/bin/gnu/h-x86_64-mingw32/bin/../lib/gcc/nios2-elf/5.3.0/../../../../../H-x86_64-mingw32/nios2-elf/lib\libc.a(lib_a-stdio.o)
                0x000000000458c878                __sread
 .text.__seofread
                0x000000000458c8cc        0x8 c:/totally_legal_version_of_quartus/nios2eds/bin/gnu/h-x86_64-mingw32/bin/../lib/gcc/nios2-elf/5.3.0/../../../../../H-x86_64-mingw32/nios2-elf/lib\libc.a(lib_a-stdio.o)
                0x000000000458c8cc                __seofread
 .text.__swrite
                0x000000000458c8d4       0x7c c:/totally_legal_version_of_quartus/nios2eds/bin/gnu/h-x86_64-mingw32/bin/../lib/gcc/nios2-elf/5.3.0/../../../../../H-x86_64-mingw32/nios2-elf/lib\libc.a(lib_a-stdio.o)
                0x000000000458c8d4                __swrite
 .text.__sseek  0x000000000458c950       0x5c c:/totally_legal_version_of_quartus/nios2eds/bin/gnu/h-x86_64-mingw32/bin/../lib/gcc/nios2-elf/5.3.0/../../../../../H-x86_64-mingw32/nios2-elf/lib\libc.a(lib_a-stdio.o)
                0x000000000458c950                __sseek
 .text.__sclose
                0x000000000458c9ac        0x8 c:/totally_legal_version_of_quartus/nios2eds/bin/gnu/h-x86_64-mingw32/bin/../lib/gcc/nios2-elf/5.3.0/../../../../../H-x86_64-mingw32/nios2-elf/lib\libc.a(lib_a-stdio.o)
                0x000000000458c9ac                __sclose
 .text          0x000000000458c9b4        0x0 c:/totally_legal_version_of_quartus/nios2eds/bin/gnu/h-x86_64-mingw32/bin/../lib/gcc/nios2-elf/5.3.0/../../../../../H-x86_64-mingw32/nios2-elf/lib\libc.a(lib_a-strcmp.o)
 .text.strcmp   0x000000000458c9b4       0xdc c:/totally_legal_version_of_quartus/nios2eds/bin/gnu/h-x86_64-mingw32/bin/../lib/gcc/nios2-elf/5.3.0/../../../../../H-x86_64-mingw32/nios2-elf/lib\libc.a(lib_a-strcmp.o)
                0x000000000458c9b4                strcmp
 .text          0x000000000458ca90        0x0 c:/totally_legal_version_of_quartus/nios2eds/bin/gnu/h-x86_64-mingw32/bin/../lib/gcc/nios2-elf/5.3.0/../../../../../H-x86_64-mingw32/nios2-elf/lib\libc.a(lib_a-vfiprintf.o)
 .text.__sprint_r.part.0
                0x000000000458ca90       0xfc c:/totally_legal_version_of_quartus/nios2eds/bin/gnu/h-x86_64-mingw32/bin/../lib/gcc/nios2-elf/5.3.0/../../../../../H-x86_64-mingw32/nios2-elf/lib\libc.a(lib_a-vfiprintf.o)
 .text.__sprint_r
                0x000000000458cb8c       0x18 c:/totally_legal_version_of_quartus/nios2eds/bin/gnu/h-x86_64-mingw32/bin/../lib/gcc/nios2-elf/5.3.0/../../../../../H-x86_64-mingw32/nios2-elf/lib\libc.a(lib_a-vfiprintf.o)
                0x000000000458cb8c                __sprint_r
 .text.___vfiprintf_internal_r
                0x000000000458cba4     0x145c c:/totally_legal_version_of_quartus/nios2eds/bin/gnu/h-x86_64-mingw32/bin/../lib/gcc/nios2-elf/5.3.0/../../../../../H-x86_64-mingw32/nios2-elf/lib\libc.a(lib_a-vfiprintf.o)
                0x000000000458cba4                ___vfiprintf_internal_r
 .text.__vfiprintf_internal
                0x000000000458e000       0x1c c:/totally_legal_version_of_quartus/nios2eds/bin/gnu/h-x86_64-mingw32/bin/../lib/gcc/nios2-elf/5.3.0/../../../../../H-x86_64-mingw32/nios2-elf/lib\libc.a(lib_a-vfiprintf.o)
                0x000000000458e000                __vfiprintf_internal
 .text.__sbprintf
                0x000000000458e01c       0xbc c:/totally_legal_version_of_quartus/nios2eds/bin/gnu/h-x86_64-mingw32/bin/../lib/gcc/nios2-elf/5.3.0/../../../../../H-x86_64-mingw32/nios2-elf/lib\libc.a(lib_a-vfiprintf.o)
 .text          0x000000000458e0d8        0x0 c:/totally_legal_version_of_quartus/nios2eds/bin/gnu/h-x86_64-mingw32/bin/../lib/gcc/nios2-elf/5.3.0/../../../../../H-x86_64-mingw32/nios2-elf/lib\libc.a(lib_a-writer.o)
 .text._write_r
                0x000000000458e0d8       0x60 c:/totally_legal_version_of_quartus/nios2eds/bin/gnu/h-x86_64-mingw32/bin/../lib/gcc/nios2-elf/5.3.0/../../../../../H-x86_64-mingw32/nios2-elf/lib\libc.a(lib_a-writer.o)
                0x000000000458e0d8                _write_r
 .text          0x000000000458e138        0x0 c:/totally_legal_version_of_quartus/nios2eds/bin/gnu/h-x86_64-mingw32/bin/../lib/gcc/nios2-elf/5.3.0/../../../../../H-x86_64-mingw32/nios2-elf/lib\libc.a(closer.o)
 .text._close_r
                0x000000000458e138       0x54 c:/totally_legal_version_of_quartus/nios2eds/bin/gnu/h-x86_64-mingw32/bin/../lib/gcc/nios2-elf/5.3.0/../../../../../H-x86_64-mingw32/nios2-elf/lib\libc.a(closer.o)
                0x000000000458e138                _close_r
 .text          0x000000000458e18c        0x0 c:/totally_legal_version_of_quartus/nios2eds/bin/gnu/h-x86_64-mingw32/bin/../lib/gcc/nios2-elf/5.3.0/../../../../../H-x86_64-mingw32/nios2-elf/lib\libc.a(lib_a-callocr.o)
 .text._calloc_r
                0x000000000458e18c       0xc4 c:/totally_legal_version_of_quartus/nios2eds/bin/gnu/h-x86_64-mingw32/bin/../lib/gcc/nios2-elf/5.3.0/../../../../../H-x86_64-mingw32/nios2-elf/lib\libc.a(lib_a-callocr.o)
                0x000000000458e18c                _calloc_r
 .text          0x000000000458e250        0x0 c:/totally_legal_version_of_quartus/nios2eds/bin/gnu/h-x86_64-mingw32/bin/../lib/gcc/nios2-elf/5.3.0/../../../../../H-x86_64-mingw32/nios2-elf/lib\libc.a(lib_a-fclose.o)
 .text._fclose_r
                0x000000000458e250       0xf0 c:/totally_legal_version_of_quartus/nios2eds/bin/gnu/h-x86_64-mingw32/bin/../lib/gcc/nios2-elf/5.3.0/../../../../../H-x86_64-mingw32/nios2-elf/lib\libc.a(lib_a-fclose.o)
                0x000000000458e250                _fclose_r
 .text.fclose   0x000000000458e340       0x14 c:/totally_legal_version_of_quartus/nios2eds/bin/gnu/h-x86_64-mingw32/bin/../lib/gcc/nios2-elf/5.3.0/../../../../../H-x86_64-mingw32/nios2-elf/lib\libc.a(lib_a-fclose.o)
                0x000000000458e340                fclose
 .text          0x000000000458e354        0x0 c:/totally_legal_version_of_quartus/nios2eds/bin/gnu/h-x86_64-mingw32/bin/../lib/gcc/nios2-elf/5.3.0/../../../../../H-x86_64-mingw32/nios2-elf/lib\libc.a(lib_a-fputwc.o)
 .text.__fputwc
                0x000000000458e354      0x164 c:/totally_legal_version_of_quartus/nios2eds/bin/gnu/h-x86_64-mingw32/bin/../lib/gcc/nios2-elf/5.3.0/../../../../../H-x86_64-mingw32/nios2-elf/lib\libc.a(lib_a-fputwc.o)
                0x000000000458e354                __fputwc
 .text._fputwc_r
                0x000000000458e4b8       0x24 c:/totally_legal_version_of_quartus/nios2eds/bin/gnu/h-x86_64-mingw32/bin/../lib/gcc/nios2-elf/5.3.0/../../../../../H-x86_64-mingw32/nios2-elf/lib\libc.a(lib_a-fputwc.o)
                0x000000000458e4b8                _fputwc_r
 .text.fputwc   0x000000000458e4dc       0x80 c:/totally_legal_version_of_quartus/nios2eds/bin/gnu/h-x86_64-mingw32/bin/../lib/gcc/nios2-elf/5.3.0/../../../../../H-x86_64-mingw32/nios2-elf/lib\libc.a(lib_a-fputwc.o)
                0x000000000458e4dc                fputwc
 .text          0x000000000458e55c        0x0 c:/totally_legal_version_of_quartus/nios2eds/bin/gnu/h-x86_64-mingw32/bin/../lib/gcc/nios2-elf/5.3.0/../../../../../H-x86_64-mingw32/nios2-elf/lib\libc.a(lib_a-fstatr.o)
 .text._fstat_r
                0x000000000458e55c       0x5c c:/totally_legal_version_of_quartus/nios2eds/bin/gnu/h-x86_64-mingw32/bin/../lib/gcc/nios2-elf/5.3.0/../../../../../H-x86_64-mingw32/nios2-elf/lib\libc.a(lib_a-fstatr.o)
                0x000000000458e55c                _fstat_r
 .text          0x000000000458e5b8        0x0 c:/totally_legal_version_of_quartus/nios2eds/bin/gnu/h-x86_64-mingw32/bin/../lib/gcc/nios2-elf/5.3.0/../../../../../H-x86_64-mingw32/nios2-elf/lib\libc.a(lib_a-fvwrite.o)
 .text.__sfvwrite_r
                0x000000000458e5b8      0x4bc c:/totally_legal_version_of_quartus/nios2eds/bin/gnu/h-x86_64-mingw32/bin/../lib/gcc/nios2-elf/5.3.0/../../../../../H-x86_64-mingw32/nios2-elf/lib\libc.a(lib_a-fvwrite.o)
                0x000000000458e5b8                __sfvwrite_r
 .text          0x000000000458ea74        0x0 c:/totally_legal_version_of_quartus/nios2eds/bin/gnu/h-x86_64-mingw32/bin/../lib/gcc/nios2-elf/5.3.0/../../../../../H-x86_64-mingw32/nios2-elf/lib\libc.a(lib_a-isattyr.o)
 .text._isatty_r
                0x000000000458ea74       0x54 c:/totally_legal_version_of_quartus/nios2eds/bin/gnu/h-x86_64-mingw32/bin/../lib/gcc/nios2-elf/5.3.0/../../../../../H-x86_64-mingw32/nios2-elf/lib\libc.a(lib_a-isattyr.o)
                0x000000000458ea74                _isatty_r
 .text          0x000000000458eac8        0x0 c:/totally_legal_version_of_quartus/nios2eds/bin/gnu/h-x86_64-mingw32/bin/../lib/gcc/nios2-elf/5.3.0/../../../../../H-x86_64-mingw32/nios2-elf/lib\libc.a(lib_a-lseekr.o)
 .text._lseek_r
                0x000000000458eac8       0x60 c:/totally_legal_version_of_quartus/nios2eds/bin/gnu/h-x86_64-mingw32/bin/../lib/gcc/nios2-elf/5.3.0/../../../../../H-x86_64-mingw32/nios2-elf/lib\libc.a(lib_a-lseekr.o)
                0x000000000458eac8                _lseek_r
 .text          0x000000000458eb28        0x0 c:/totally_legal_version_of_quartus/nios2eds/bin/gnu/h-x86_64-mingw32/bin/../lib/gcc/nios2-elf/5.3.0/../../../../../H-x86_64-mingw32/nios2-elf/lib\libc.a(lib_a-memmove.o)
 .text.memmove  0x000000000458eb28      0x15c c:/totally_legal_version_of_quartus/nios2eds/bin/gnu/h-x86_64-mingw32/bin/../lib/gcc/nios2-elf/5.3.0/../../../../../H-x86_64-mingw32/nios2-elf/lib\libc.a(lib_a-memmove.o)
                0x000000000458eb28                memmove
 .text          0x000000000458ec84        0x0 c:/totally_legal_version_of_quartus/nios2eds/bin/gnu/h-x86_64-mingw32/bin/../lib/gcc/nios2-elf/5.3.0/../../../../../H-x86_64-mingw32/nios2-elf/lib\libc.a(lib_a-readr.o)
 .text._read_r  0x000000000458ec84       0x60 c:/totally_legal_version_of_quartus/nios2eds/bin/gnu/h-x86_64-mingw32/bin/../lib/gcc/nios2-elf/5.3.0/../../../../../H-x86_64-mingw32/nios2-elf/lib\libc.a(lib_a-readr.o)
                0x000000000458ec84                _read_r
 .text          0x000000000458ece4        0x0 c:/totally_legal_version_of_quartus/nios2eds/bin/gnu/h-x86_64-mingw32/bin/../lib/gcc/nios2-elf/5.3.0/../../../../../H-x86_64-mingw32/nios2-elf/lib\libc.a(lib_a-reallocr.o)
 .text._realloc_r
                0x000000000458ece4      0x564 c:/totally_legal_version_of_quartus/nios2eds/bin/gnu/h-x86_64-mingw32/bin/../lib/gcc/nios2-elf/5.3.0/../../../../../H-x86_64-mingw32/nios2-elf/lib\libc.a(lib_a-reallocr.o)
                0x000000000458ece4                _realloc_r
 .text          0x000000000458f248        0x0 c:/totally_legal_version_of_quartus/nios2eds/bin/gnu/h-x86_64-mingw32/bin/../lib/gcc/nios2-elf/5.3.0/../../../../../H-x86_64-mingw32/nios2-elf/lib\libc.a(lib_a-wbuf.o)
 .text.__swbuf_r
                0x000000000458f248      0x140 c:/totally_legal_version_of_quartus/nios2eds/bin/gnu/h-x86_64-mingw32/bin/../lib/gcc/nios2-elf/5.3.0/../../../../../H-x86_64-mingw32/nios2-elf/lib\libc.a(lib_a-wbuf.o)
                0x000000000458f248                __swbuf_r
 .text.__swbuf  0x000000000458f388       0x18 c:/totally_legal_version_of_quartus/nios2eds/bin/gnu/h-x86_64-mingw32/bin/../lib/gcc/nios2-elf/5.3.0/../../../../../H-x86_64-mingw32/nios2-elf/lib\libc.a(lib_a-wbuf.o)
                0x000000000458f388                __swbuf
 .text          0x000000000458f3a0        0x0 c:/totally_legal_version_of_quartus/nios2eds/bin/gnu/h-x86_64-mingw32/bin/../lib/gcc/nios2-elf/5.3.0/../../../../../H-x86_64-mingw32/nios2-elf/lib\libc.a(lib_a-wcrtomb.o)
 .text._wcrtomb_r
                0x000000000458f3a0       0x9c c:/totally_legal_version_of_quartus/nios2eds/bin/gnu/h-x86_64-mingw32/bin/../lib/gcc/nios2-elf/5.3.0/../../../../../H-x86_64-mingw32/nios2-elf/lib\libc.a(lib_a-wcrtomb.o)
                0x000000000458f3a0                _wcrtomb_r
 .text.wcrtomb  0x000000000458f43c       0xc0 c:/totally_legal_version_of_quartus/nios2eds/bin/gnu/h-x86_64-mingw32/bin/../lib/gcc/nios2-elf/5.3.0/../../../../../H-x86_64-mingw32/nios2-elf/lib\libc.a(lib_a-wcrtomb.o)
                0x000000000458f43c                wcrtomb
 .text          0x000000000458f4fc        0x0 c:/totally_legal_version_of_quartus/nios2eds/bin/gnu/h-x86_64-mingw32/bin/../lib/gcc/nios2-elf/5.3.0/../../../../../H-x86_64-mingw32/nios2-elf/lib\libc.a(lib_a-wctomb_r.o)
 .text.__ascii_wctomb
                0x000000000458f4fc       0x30 c:/totally_legal_version_of_quartus/nios2eds/bin/gnu/h-x86_64-mingw32/bin/../lib/gcc/nios2-elf/5.3.0/../../../../../H-x86_64-mingw32/nios2-elf/lib\libc.a(lib_a-wctomb_r.o)
                0x000000000458f4fc                __ascii_wctomb
 .text._wctomb_r
                0x000000000458f52c       0x5c c:/totally_legal_version_of_quartus/nios2eds/bin/gnu/h-x86_64-mingw32/bin/../lib/gcc/nios2-elf/5.3.0/../../../../../H-x86_64-mingw32/nios2-elf/lib\libc.a(lib_a-wctomb_r.o)
                0x000000000458f52c                _wctomb_r
 .text          0x000000000458f588      0x578 c:/totally_legal_version_of_quartus/nios2eds/bin/gnu/h-x86_64-mingw32/bin/../lib/gcc/nios2-elf/5.3.0\libgcc.a(_udivdi3.o)
                0x000000000458f588                __udivdi3
 .text          0x000000000458fb00      0x538 c:/totally_legal_version_of_quartus/nios2eds/bin/gnu/h-x86_64-mingw32/bin/../lib/gcc/nios2-elf/5.3.0\libgcc.a(_umoddi3.o)
                0x000000000458fb00                __umoddi3
 .text          0x0000000004590038      0x8ac c:/totally_legal_version_of_quartus/nios2eds/bin/gnu/h-x86_64-mingw32/bin/../lib/gcc/nios2-elf/5.3.0\libgcc.a(adddf3.o)
                0x0000000004590038                __adddf3
 .text          0x00000000045908e4      0x8e8 c:/totally_legal_version_of_quartus/nios2eds/bin/gnu/h-x86_64-mingw32/bin/../lib/gcc/nios2-elf/5.3.0\libgcc.a(divdf3.o)
                0x00000000045908e4                __divdf3
 .text          0x00000000045911cc       0x88 c:/totally_legal_version_of_quartus/nios2eds/bin/gnu/h-x86_64-mingw32/bin/../lib/gcc/nios2-elf/5.3.0\libgcc.a(eqdf2.o)
                0x00000000045911cc                __nedf2
                0x00000000045911cc                __eqdf2
 .text          0x0000000004591254       0xdc c:/totally_legal_version_of_quartus/nios2eds/bin/gnu/h-x86_64-mingw32/bin/../lib/gcc/nios2-elf/5.3.0\libgcc.a(gedf2.o)
                0x0000000004591254                __gedf2
                0x0000000004591254                __gtdf2
 .text          0x0000000004591330       0xf4 c:/totally_legal_version_of_quartus/nios2eds/bin/gnu/h-x86_64-mingw32/bin/../lib/gcc/nios2-elf/5.3.0\libgcc.a(ledf2.o)
                0x0000000004591330                __ledf2
                0x0000000004591330                __ltdf2
 .text          0x0000000004591424      0x718 c:/totally_legal_version_of_quartus/nios2eds/bin/gnu/h-x86_64-mingw32/bin/../lib/gcc/nios2-elf/5.3.0\libgcc.a(muldf3.o)
                0x0000000004591424                __muldf3
 .text          0x0000000004591b3c      0x8fc c:/totally_legal_version_of_quartus/nios2eds/bin/gnu/h-x86_64-mingw32/bin/../lib/gcc/nios2-elf/5.3.0\libgcc.a(subdf3.o)
                0x0000000004591b3c                __subdf3
 .text          0x0000000004592438       0x80 c:/totally_legal_version_of_quartus/nios2eds/bin/gnu/h-x86_64-mingw32/bin/../lib/gcc/nios2-elf/5.3.0\libgcc.a(fixdfsi.o)
                0x0000000004592438                __fixdfsi
 .text          0x00000000045924b8       0xdc c:/totally_legal_version_of_quartus/nios2eds/bin/gnu/h-x86_64-mingw32/bin/../lib/gcc/nios2-elf/5.3.0\libgcc.a(floatsidf.o)
                0x00000000045924b8                __floatsidf
 .text          0x0000000004592594       0xa8 c:/totally_legal_version_of_quartus/nios2eds/bin/gnu/h-x86_64-mingw32/bin/../lib/gcc/nios2-elf/5.3.0\libgcc.a(floatunsidf.o)
                0x0000000004592594                __floatunsidf
 .text          0x000000000459263c        0x0 c:/totally_legal_version_of_quartus/nios2eds/bin/gnu/h-x86_64-mingw32/bin/../lib/gcc/nios2-elf/5.3.0\libgcc.a(_clz.o)
 .text          0x000000000459263c       0x64 c:/totally_legal_version_of_quartus/nios2eds/bin/gnu/h-x86_64-mingw32/bin/../lib/gcc/nios2-elf/5.3.0\libgcc.a(_clzsi2.o)
                0x000000000459263c                __clzsi2
 .text          0x00000000045926a0       0xb8 ../lab5_bsp/\libucosii_bsp.a(alt_close.o)
                0x00000000045926a0                close
 .text          0x0000000004592758       0x18 ../lab5_bsp/\libucosii_bsp.a(alt_dcache_flush_all.o)
                0x0000000004592758                alt_dcache_flush_all
 .text          0x0000000004592770        0x8 ../lab5_bsp/\libucosii_bsp.a(alt_dev.o)
 .text          0x0000000004592778        0x0 ../lab5_bsp/\libucosii_bsp.a(alt_errno.o)
 .text          0x0000000004592778       0x74 ../lab5_bsp/\libucosii_bsp.a(alt_fstat.o)
                0x0000000004592778                fstat
 .text          0x00000000045927ec       0xa8 ../lab5_bsp/\libucosii_bsp.a(alt_iic.o)
                0x00000000045927ec                alt_ic_isr_register
                0x000000000459280c                alt_ic_irq_enable
                0x0000000004592844                alt_ic_irq_disable
                0x000000000459287c                alt_ic_irq_enabled
 .text          0x0000000004592894       0x6c ../lab5_bsp/\libucosii_bsp.a(alt_iic_isr_register.o)
                0x0000000004592894                alt_iic_isr_register
 .text          0x0000000004592900        0x0 ../lab5_bsp/\libucosii_bsp.a(alt_irq_entry.o)
 .text          0x0000000004592900        0x0 ../lab5_bsp/\libucosii_bsp.a(alt_irq_handler.o)
 .text          0x0000000004592900        0x0 ../lab5_bsp/\libucosii_bsp.a(alt_irq_vars.o)
 .text          0x0000000004592900       0x84 ../lab5_bsp/\libucosii_bsp.a(alt_isatty.o)
                0x0000000004592900                isatty
 .text          0x0000000004592984      0x184 ../lab5_bsp/\libucosii_bsp.a(alt_load.o)
                0x0000000004592984                alt_load
 .text          0x0000000004592b08       0x90 ../lab5_bsp/\libucosii_bsp.a(alt_lseek.o)
                0x0000000004592b08                lseek
 .text          0x0000000004592b98       0x90 ../lab5_bsp/\libucosii_bsp.a(alt_main.o)
                0x0000000004592b98                alt_main
 .text          0x0000000004592c28       0xd8 ../lab5_bsp/\libucosii_bsp.a(alt_read.o)
                0x0000000004592c28                read
 .text          0x0000000004592d00       0x24 ../lab5_bsp/\libucosii_bsp.a(alt_release_fd.o)
                0x0000000004592d00                alt_release_fd
 .text          0x0000000004592d24       0x4c ../lab5_bsp/\libucosii_bsp.a(alt_sbrk.o)
                0x0000000004592d24                sbrk
 .text          0x0000000004592d70      0x108 ../lab5_bsp/\libucosii_bsp.a(alt_tick.o)
                0x0000000004592d70                alt_alarm_stop
                0x0000000004592da8                alt_tick
 .text          0x0000000004592e78       0xd4 ../lab5_bsp/\libucosii_bsp.a(alt_write.o)
                0x0000000004592e78                write
 .text          0x0000000004592f4c       0xb8 ../lab5_bsp/\libucosii_bsp.a(alt_env_lock.o)
                0x0000000004592f4c                __env_lock
                0x0000000004592fcc                __env_unlock
 .text          0x0000000004593004      0x110 ../lab5_bsp/\libucosii_bsp.a(alt_malloc_lock.o)
                0x0000000004593004                __malloc_lock
                0x00000000045930a8                __malloc_unlock
 .text          0x0000000004593114     0x11e4 ../lab5_bsp/\libucosii_bsp.a(os_core.o)
                0x0000000004593150                OS_TaskIdle
                0x0000000004593184                OSIntEnter
                0x00000000045931ac                OSIntExit
                0x0000000004593258                OSSchedLock
                0x000000000459329c                OSStart
                0x00000000045932ec                OSStatInit
                0x0000000004593350                OSTimeTick
                0x0000000004593470                OSVersion
                0x0000000004593478                OS_Dummy
                0x000000000459347c                OS_EventTaskWait
                0x00000000045934f0                OS_EventTaskWaitMulti
                0x000000000459357c                OS_EventTaskRemove
                0x00000000045935bc                OS_EventTaskRemoveMulti
                0x0000000004593614                OS_EventTaskRdy
                0x0000000004593704                OS_EventWaitListInit
                0x0000000004593718                OS_MemClr
                0x0000000004593744                OSInit
                0x000000000459396c                OS_MemCopy
                0x00000000045939a0                OS_Sched
                0x0000000004593a2c                OSEventPendMulti
                0x0000000004593dd4                OSSchedUnlock
                0x0000000004593e4c                OS_StrCopy
                0x0000000004593e90                OSEventNameGet
                0x0000000004593f50                OS_StrLen
                0x0000000004593f78                OSEventNameSet
                0x0000000004594054                OS_TaskStatStkChk
                0x00000000045940e8                OS_TaskStat
                0x000000000459417c                OS_TCBInit
 .text          0x00000000045942f8        0x4 ../lab5_bsp/\libucosii_bsp.a(os_dbg.o)
                0x00000000045942f8                OSDebugInit
 .text          0x00000000045942fc      0xd50 ../lab5_bsp/\libucosii_bsp.a(os_flag.o)
                0x000000000459438c                OSFlagAccept
                0x0000000004594520                OSFlagCreate
                0x00000000045945a0                OSFlagNameGet
                0x0000000004594660                OSFlagNameSet
                0x000000000459473c                OSFlagPendGetFlagsRdy
                0x000000000459475c                OSFlagQuery
                0x00000000045947b8                OS_FlagInit
                0x000000000459484c                OS_FlagUnlink
                0x0000000004594908                OSFlagDel
                0x0000000004594a80                OSFlagPost
                0x0000000004594cd4                OSFlagPend
 .text          0x000000000459504c      0x414 ../lab5_bsp/\libucosii_bsp.a(os_mem.o)
                0x000000000459504c                OSMemCreate
                0x000000000459514c                OSMemGet
                0x00000000045951b8                OSMemNameGet
                0x0000000004595258                OSMemNameSet
                0x0000000004595318                OSMemPut
                0x000000000459537c                OSMemQuery
                0x00000000045953e0                OS_MemInit
 .text          0x0000000004595460      0xa30 ../lab5_bsp/\libucosii_bsp.a(os_q.o)
                0x0000000004595460                OSQAccept
                0x0000000004595500                OSQCreate
                0x00000000045955e8                OSQDel
                0x00000000045957a4                OSQFlush
                0x00000000045957f4                OSQPend
                0x0000000004595984                OSQPendAbort
                0x0000000004595a9c                OSQPost
                0x0000000004595b64                OSQPostFront
                0x0000000004595c2c                OSQPostOpt
                0x0000000004595d94                OSQQuery
                0x0000000004595e34                OS_QInit
 .text          0x0000000004595e90      0x640 ../lab5_bsp/\libucosii_bsp.a(os_sem.o)
                0x0000000004595e90                OSSemAccept
                0x0000000004595edc                OSSemCreate
                0x0000000004595f60                OSSemDel
                0x00000000045960ec                OSSemPend
                0x000000000459622c                OSSemPendAbort
                0x0000000004596344                OSSemPost
                0x00000000045963e8                OSSemQuery
                0x0000000004596460                OSSemSet
 .text          0x00000000045964d0      0xf24 ../lab5_bsp/\libucosii_bsp.a(os_task.o)
                0x00000000045964d0                OSTaskChangePrio
                0x000000000459676c                OSTaskCreate
                0x0000000004596890                OSTaskDel
                0x0000000004596ad0                OSTaskDelReq
                0x0000000004596b98                OSTaskNameGet
                0x0000000004596ca4                OSTaskNameSet
                0x0000000004596dcc                OSTaskResume
                0x0000000004596ee0                OSTaskStkChk
                0x0000000004597014                OSTaskSuspend
                0x0000000004597158                OSTaskQuery
                0x0000000004597248                OS_TaskStkClr
                0x000000000459726c                OSTaskCreateExt
 .text          0x00000000045973f4      0x2e8 ../lab5_bsp/\libucosii_bsp.a(os_time.o)
                0x00000000045973f4                OSTimeDly
                0x0000000004597474                OSTimeDlyHMSM
                0x0000000004597590                OSTimeDlyResume
                0x00000000045976a4                OSTimeGet
                0x00000000045976c0                OSTimeSet
 .text          0x00000000045976dc       0x78 ../lab5_bsp/\libucosii_bsp.a(alt_sys_init.o)
                0x00000000045976dc                alt_irq_init
                0x00000000045976fc                alt_sys_init
 .text          0x0000000004597754       0x8c ../lab5_bsp/\libucosii_bsp.a(altera_avalon_jtag_uart_fd.o)
                0x0000000004597754                altera_avalon_jtag_uart_read_fd
                0x0000000004597778                altera_avalon_jtag_uart_write_fd
                0x000000000459779c                altera_avalon_jtag_uart_close_fd
                0x00000000045977c0                altera_avalon_jtag_uart_ioctl_fd
 .text          0x00000000045977e0      0x320 ../lab5_bsp/\libucosii_bsp.a(altera_avalon_jtag_uart_init.o)
                0x0000000004597a04                altera_avalon_jtag_uart_init
                0x0000000004597ac4                altera_avalon_jtag_uart_close
 .text          0x0000000004597b00       0x88 ../lab5_bsp/\libucosii_bsp.a(altera_avalon_jtag_uart_ioctl.o)
                0x0000000004597b00                altera_avalon_jtag_uart_ioctl
 .text          0x0000000004597b88      0x1c0 ../lab5_bsp/\libucosii_bsp.a(altera_avalon_jtag_uart_read.o)
                0x0000000004597b88                altera_avalon_jtag_uart_read
 .text          0x0000000004597d48      0x210 ../lab5_bsp/\libucosii_bsp.a(altera_avalon_jtag_uart_write.o)
                0x0000000004597d48                altera_avalon_jtag_uart_write
 .text          0x0000000004597f58       0x84 ../lab5_bsp/\libucosii_bsp.a(altera_avalon_timer_sc.o)
                0x0000000004597f94                alt_avalon_timer_sc_init
 .text          0x0000000004597fdc       0x80 ../lab5_bsp/\libucosii_bsp.a(alt_alarm_start.o)
                0x0000000004597fdc                alt_alarm_start
 .text          0x000000000459805c       0x74 ../lab5_bsp/\libucosii_bsp.a(alt_dev_llist_insert.o)
                0x000000000459805c                alt_dev_llist_insert
 .text          0x00000000045980d0       0x78 ../lab5_bsp/\libucosii_bsp.a(alt_do_ctors.o)
                0x00000000045980d0                _do_ctors
 .text          0x0000000004598148       0x78 ../lab5_bsp/\libucosii_bsp.a(alt_do_dtors.o)
                0x0000000004598148                _do_dtors
 .text          0x00000000045981c0        0x0 ../lab5_bsp/\libucosii_bsp.a(alt_exception_entry.o)
 .text          0x00000000045981c0       0x20 ../lab5_bsp/\libucosii_bsp.a(alt_icache_flush_all.o)
                0x00000000045981c0                alt_icache_flush_all
 .text          0x00000000045981e0       0xf8 ../lab5_bsp/\libucosii_bsp.a(alt_io_redirect.o)
                0x0000000004598244                alt_io_redirect
 .text          0x00000000045982d8      0x190 ../lab5_bsp/\libucosii_bsp.a(alt_open.o)
                0x00000000045982d8                open
 .text          0x0000000004598468        0x8 ../lab5_bsp/\libucosii_bsp.a(altera_nios2_qsys_irq.o)
                0x0000000004598468                altera_nios2_qsys_irq_init
 .text          0x0000000004598470       0xd0 ../lab5_bsp/\libucosii_bsp.a(os_cpu_a.o)
                0x0000000004598470                OSCtxSw
                0x0000000004598470                OSIntCtxSw
                0x00000000045984fc                OSStartHighRdy
                0x000000000459851c                OSStartTsk
 .text          0x0000000004598540       0xfc ../lab5_bsp/\libucosii_bsp.a(os_cpu_c.o)
                0x0000000004598540                OSTaskStkInit
                0x0000000004598618                OSTaskCreateHook
                0x000000000459861c                OSTaskDelHook
                0x0000000004598620                OSTaskSwHook
                0x0000000004598624                OSTaskStatHook
                0x0000000004598628                OSTimeTickHook
                0x000000000459862c                OSInitHookBegin
                0x0000000004598630                OSInitHookEnd
                0x0000000004598634                OSTaskIdleHook
                0x0000000004598638                OSTCBInitHook
 .text          0x000000000459863c       0x7c ../lab5_bsp/\libucosii_bsp.a(alt_find_dev.o)
                0x000000000459863c                alt_find_dev
 .text          0x00000000045986b8       0xc0 ../lab5_bsp/\libucosii_bsp.a(alt_find_file.o)
                0x00000000045986b8                alt_find_file
 .text          0x0000000004598778       0xa8 ../lab5_bsp/\libucosii_bsp.a(alt_get_fd.o)
                0x0000000004598778                alt_get_fd
 .text          0x0000000004598820       0x58 ../lab5_bsp/\libucosii_bsp.a(alt_icache_flush.o)
                0x0000000004598820                alt_icache_flush
 .text          0x0000000004598878        0x0 c:/totally_legal_version_of_quartus/nios2eds/bin/gnu/h-x86_64-mingw32/bin/../lib/gcc/nios2-elf/5.3.0/../../../../../H-x86_64-mingw32/nios2-elf/lib\libc.a(lib_a-atexit.o)
 .text.atexit   0x0000000004598878       0x14 c:/totally_legal_version_of_quartus/nios2eds/bin/gnu/h-x86_64-mingw32/bin/../lib/gcc/nios2-elf/5.3.0/../../../../../H-x86_64-mingw32/nios2-elf/lib\libc.a(lib_a-atexit.o)
                0x0000000004598878                atexit
 .text          0x000000000459888c        0x0 c:/totally_legal_version_of_quartus/nios2eds/bin/gnu/h-x86_64-mingw32/bin/../lib/gcc/nios2-elf/5.3.0/../../../../../H-x86_64-mingw32/nios2-elf/lib\libc.a(lib_a-exit.o)
 .text.exit     0x000000000459888c       0x38 c:/totally_legal_version_of_quartus/nios2eds/bin/gnu/h-x86_64-mingw32/bin/../lib/gcc/nios2-elf/5.3.0/../../../../../H-x86_64-mingw32/nios2-elf/lib\libc.a(lib_a-exit.o)
                0x000000000459888c                exit
 .text          0x00000000045988c4        0x0 c:/totally_legal_version_of_quartus/nios2eds/bin/gnu/h-x86_64-mingw32/bin/../lib/gcc/nios2-elf/5.3.0/../../../../../H-x86_64-mingw32/nios2-elf/lib\libc.a(lib_a-memcmp.o)
 .text.memcmp   0x00000000045988c4       0x7c c:/totally_legal_version_of_quartus/nios2eds/bin/gnu/h-x86_64-mingw32/bin/../lib/gcc/nios2-elf/5.3.0/../../../../../H-x86_64-mingw32/nios2-elf/lib\libc.a(lib_a-memcmp.o)
                0x00000000045988c4                memcmp
 .text          0x0000000004598940        0x0 c:/totally_legal_version_of_quartus/nios2eds/bin/gnu/h-x86_64-mingw32/bin/../lib/gcc/nios2-elf/5.3.0/../../../../../H-x86_64-mingw32/nios2-elf/lib\libc.a(lib_a-__atexit.o)
 .text.__register_exitproc
                0x0000000004598940      0x118 c:/totally_legal_version_of_quartus/nios2eds/bin/gnu/h-x86_64-mingw32/bin/../lib/gcc/nios2-elf/5.3.0/../../../../../H-x86_64-mingw32/nios2-elf/lib\libc.a(lib_a-__atexit.o)
                0x0000000004598940                __register_exitproc
 .text          0x0000000004598a58        0x0 c:/totally_legal_version_of_quartus/nios2eds/bin/gnu/h-x86_64-mingw32/bin/../lib/gcc/nios2-elf/5.3.0/../../../../../H-x86_64-mingw32/nios2-elf/lib\libc.a(lib_a-__call_atexit.o)
 .text.__call_exitprocs
                0x0000000004598a58      0x180 c:/totally_legal_version_of_quartus/nios2eds/bin/gnu/h-x86_64-mingw32/bin/../lib/gcc/nios2-elf/5.3.0/../../../../../H-x86_64-mingw32/nios2-elf/lib\libc.a(lib_a-__call_atexit.o)
                0x0000000004598a58                __call_exitprocs
 .text          0x0000000004598bd8       0x18 ../lab5_bsp/\libucosii_bsp.a(alt_exit.o)
                0x0000000004598bd8                _exit
 *(.gnu.warning.*)
 *(.fini)
                [!provide]                        PROVIDE (__etext, ABSOLUTE (.))
                [!provide]                        PROVIDE (_etext, ABSOLUTE (.))
                [!provide]                        PROVIDE (etext, ABSOLUTE (.))
 *(.eh_frame_hdr)
                0x0000000004598bf0                . = ALIGN (0x4)
                [!provide]                        PROVIDE (__preinit_array_start, ABSOLUTE (.))
 *(.preinit_array)
                [!provide]                        PROVIDE (__preinit_array_end, ABSOLUTE (.))
                [!provide]                        PROVIDE (__init_array_start, ABSOLUTE (.))
 *(.init_array)
                [!provide]                        PROVIDE (__init_array_end, ABSOLUTE (.))
                [!provide]                        PROVIDE (__fini_array_start, ABSOLUTE (.))
 *(.fini_array)
                [!provide]                        PROVIDE (__fini_array_end, ABSOLUTE (.))
 *(.eh_frame)
 *(.gcc_except_table .gcc_except_table.*)
 *(.dynamic)
                0x0000000004598bf0                PROVIDE (__CTOR_LIST__, ABSOLUTE (.))
 *(.ctors)
 *(SORT(.ctors.*))
                0x0000000004598bf0                PROVIDE (__CTOR_END__, ABSOLUTE (.))
                0x0000000004598bf0                PROVIDE (__DTOR_LIST__, ABSOLUTE (.))
 *(.dtors)
 *(SORT(.dtors.*))
                0x0000000004598bf0                PROVIDE (__DTOR_END__, ABSOLUTE (.))
 *(.jcr)
                0x0000000004598bf0                . = ALIGN (0x4)

.rodata         0x0000000004598bf0   0x421110
                0x0000000004598bf0                PROVIDE (__ram_rodata_start, ABSOLUTE (.))
                0x0000000004598bf0                . = ALIGN (0x4)
 *(.rodata .rodata.* .gnu.linkonce.r.*)
 .rodata        0x0000000004598bf0     0x77f2 obj/default/fonts/tahomabold_20.o
 .rodata        0x00000000045a03e2    0x12520 obj/default/fonts/tahomabold_32.o
 *fill*         0x00000000045b2902        0x2 
 .rodata.str1.4
                0x00000000045b2904        0xe obj/default/graphic_lib/draw_gimps.o
 *fill*         0x00000000045b2912        0x2 
 .rodata.str1.4
                0x00000000045b2914       0x85 obj/default/hello_ucosii.o
 *fill*         0x00000000045b2999        0x3 
 .rodata        0x00000000045b299c     0x28cc obj/default/imagenes/back_down.o
                0x00000000045b299c                back_down
 .rodata        0x00000000045b5268     0x28cc obj/default/imagenes/back_up.o
                0x00000000045b5268                back_up
 .rodata        0x00000000045b7b34     0x2a40 obj/default/imagenes/backward_arrow.o
                0x00000000045b7b34                backward_arrow
 .rodata        0x00000000045ba574     0x28cc obj/default/imagenes/ford_down.o
                0x00000000045ba574                ford_down
 .rodata        0x00000000045bce40     0x28cc obj/default/imagenes/ford_up.o
                0x00000000045bce40                ford_up
 .rodata        0x00000000045bf70c     0x2a40 obj/default/imagenes/forward_arrow.o
                0x00000000045bf70c                forward_arrow
 .rodata        0x00000000045c214c     0x8dd0 obj/default/imagenes/pause_down.o
                0x00000000045c214c                pause_down
 .rodata        0x00000000045caf1c     0x8dd0 obj/default/imagenes/pause_up.o
                0x00000000045caf1c                pause_up
 .rodata        0x00000000045d3cec     0x7820 obj/default/imagenes/play_down.o
                0x00000000045d3cec                play_down
 .rodata        0x00000000045db50c     0x7820 obj/default/imagenes/play_up.o
                0x00000000045db50c                play_up
 .rodata        0x00000000045e2d2c     0x7f88 obj/default/imagenes/stop_down.o
                0x00000000045e2d2c                stop_down
 .rodata        0x00000000045eacb4     0x7f88 obj/default/imagenes/stop_up.o
                0x00000000045eacb4                stop_up
 .rodata        0x00000000045f2c3c   0x142440 obj/default/song/song.o
                0x00000000045f2c3c                song
 .rodata        0x000000000473507c   0x142440 obj/default/song/song_2.o
                0x000000000473507c                song_2
 .rodata        0x00000000048774bc   0x142440 obj/default/song/song_3.o
                0x00000000048774bc                song_3
 .rodata.str1.4
                0x00000000049b98fc       0x42 c:/totally_legal_version_of_quartus/nios2eds/bin/gnu/h-x86_64-mingw32/bin/../lib/gcc/nios2-elf/5.3.0/../../../../../H-x86_64-mingw32/nios2-elf/lib\libc.a(lib_a-vfprintf.o)
 .rodata.zeroes.4404
                0x00000000049b993e       0x10 c:/totally_legal_version_of_quartus/nios2eds/bin/gnu/h-x86_64-mingw32/bin/../lib/gcc/nios2-elf/5.3.0/../../../../../H-x86_64-mingw32/nios2-elf/lib\libc.a(lib_a-vfprintf.o)
 .rodata.blanks.4403
                0x00000000049b994e       0x10 c:/totally_legal_version_of_quartus/nios2eds/bin/gnu/h-x86_64-mingw32/bin/../lib/gcc/nios2-elf/5.3.0/../../../../../H-x86_64-mingw32/nios2-elf/lib\libc.a(lib_a-vfprintf.o)
 *fill*         0x00000000049b995e        0x2 
 .rodata.str1.4
                0x00000000049b9960       0x10 c:/totally_legal_version_of_quartus/nios2eds/bin/gnu/h-x86_64-mingw32/bin/../lib/gcc/nios2-elf/5.3.0/../../../../../H-x86_64-mingw32/nios2-elf/lib\libc.a(lib_a-dtoa.o)
                                         0x12 (size before relaxing)
 .rodata.str1.4
                0x00000000049b9970        0x2 c:/totally_legal_version_of_quartus/nios2eds/bin/gnu/h-x86_64-mingw32/bin/../lib/gcc/nios2-elf/5.3.0/../../../../../H-x86_64-mingw32/nios2-elf/lib\libc.a(lib_a-impure.o)
 *fill*         0x00000000049b9972        0x2 
 .rodata.str1.4
                0x00000000049b9974        0xa c:/totally_legal_version_of_quartus/nios2eds/bin/gnu/h-x86_64-mingw32/bin/../lib/gcc/nios2-elf/5.3.0/../../../../../H-x86_64-mingw32/nios2-elf/lib\libc.a(lib_a-locale.o)
                                         0x12 (size before relaxing)
 *fill*         0x00000000049b997e        0x2 
 .rodata.p05.2768
                0x00000000049b9980        0xc c:/totally_legal_version_of_quartus/nios2eds/bin/gnu/h-x86_64-mingw32/bin/../lib/gcc/nios2-elf/5.3.0/../../../../../H-x86_64-mingw32/nios2-elf/lib\libc.a(lib_a-mprec.o)
 .rodata.__mprec_tinytens
                0x00000000049b998c       0x28 c:/totally_legal_version_of_quartus/nios2eds/bin/gnu/h-x86_64-mingw32/bin/../lib/gcc/nios2-elf/5.3.0/../../../../../H-x86_64-mingw32/nios2-elf/lib\libc.a(lib_a-mprec.o)
                0x00000000049b998c                __mprec_tinytens
 .rodata.__mprec_bigtens
                0x00000000049b99b4       0x28 c:/totally_legal_version_of_quartus/nios2eds/bin/gnu/h-x86_64-mingw32/bin/../lib/gcc/nios2-elf/5.3.0/../../../../../H-x86_64-mingw32/nios2-elf/lib\libc.a(lib_a-mprec.o)
                0x00000000049b99b4                __mprec_bigtens
 .rodata.__mprec_tens
                0x00000000049b99dc       0xc8 c:/totally_legal_version_of_quartus/nios2eds/bin/gnu/h-x86_64-mingw32/bin/../lib/gcc/nios2-elf/5.3.0/../../../../../H-x86_64-mingw32/nios2-elf/lib\libc.a(lib_a-mprec.o)
                0x00000000049b99dc                __mprec_tens
 .rodata.str1.4
                0x00000000049b9aa4       0x2f c:/totally_legal_version_of_quartus/nios2eds/bin/gnu/h-x86_64-mingw32/bin/../lib/gcc/nios2-elf/5.3.0/../../../../../H-x86_64-mingw32/nios2-elf/lib\libc.a(lib_a-vfiprintf.o)
 .rodata.zeroes.4349
                0x00000000049b9aa4       0x10 c:/totally_legal_version_of_quartus/nios2eds/bin/gnu/h-x86_64-mingw32/bin/../lib/gcc/nios2-elf/5.3.0/../../../../../H-x86_64-mingw32/nios2-elf/lib\libc.a(lib_a-vfiprintf.o)
 .rodata.blanks.4348
                0x00000000049b9ab4       0x10 c:/totally_legal_version_of_quartus/nios2eds/bin/gnu/h-x86_64-mingw32/bin/../lib/gcc/nios2-elf/5.3.0/../../../../../H-x86_64-mingw32/nios2-elf/lib\libc.a(lib_a-vfiprintf.o)
 .rodata        0x00000000049b9ac4      0x100 c:/totally_legal_version_of_quartus/nios2eds/bin/gnu/h-x86_64-mingw32/bin/../lib/gcc/nios2-elf/5.3.0\libgcc.a(_clz.o)
                0x00000000049b9ac4                __clz_tab
 .rodata.str1.4
                0x00000000049b9bc4        0xa ../lab5_bsp/\libucosii_bsp.a(alt_dev.o)
 *fill*         0x00000000049b9bce        0x2 
 .rodata.str1.4
                0x00000000049b9bd0        0xf ../lab5_bsp/\libucosii_bsp.a(alt_main.o)
 *fill*         0x00000000049b9bdf        0x1 
 .rodata.str1.4
                0x00000000049b9be0       0x20 ../lab5_bsp/\libucosii_bsp.a(os_core.o)
                                         0x1e (size before relaxing)
 .rodata        0x00000000049b9c00      0x100 ../lab5_bsp/\libucosii_bsp.a(os_core.o)
                0x00000000049b9c00                OSUnMapTbl
 .rodata.str1.4
                0x00000000049b9d00        0xf ../lab5_bsp/\libucosii_bsp.a(alt_sys_init.o)
 .rodata.str1.4
                0x00000000049b9d00        0x2 ../lab5_bsp/\libucosii_bsp.a(os_cpu_c.o)
 *(.rodata1)
                0x00000000049b9d10                . = ALIGN (0x4)
                0x00000000049b9d10                PROVIDE (__ram_rodata_end, ABSOLUTE (.))
                0x0000000004598bf0                PROVIDE (__flash_rodata_start, LOADADDR (.rodata))

.rwdata         0x00000000049b9d00     0x3718 load address 0x00000000049bd418
                0x00000000049b9d00                PROVIDE (__ram_rwdata_start, ABSOLUTE (.))
                0x00000000049b9d00                . = ALIGN (0x4)
 *(.got.plt)
 *(.got)
 *(.data1)
 *(.data .data.* .gnu.linkonce.d.*)
 .data          0x00000000049b9d00        0x0 ../lab5_bsp//obj/HAL/src/crt0.o
 .data          0x00000000049b9d00        0x0 obj/default/drivers/drivers.o
 .data          0x00000000049b9d00      0xbc0 obj/default/fonts/tahomabold_20.o
                0x00000000049b9d00                tahomabold_20
 .data          0x00000000049ba8c0      0xbc0 obj/default/fonts/tahomabold_32.o
                0x00000000049ba8c0                tahomabold_32
 .data          0x00000000049bb480        0x0 obj/default/frame.o
 .data          0x00000000049bb480        0x0 obj/default/graphic_lib/draw_gimps.o
 .data          0x00000000049bb480        0x0 obj/default/graphic_lib/gimp_bmp.o
 .data          0x00000000049bb480      0x415 obj/default/graphic_lib/simple_graphics.o
                0x00000000049bb480                cour10_font_array
 .data          0x00000000049bb895        0x0 obj/default/graphic_lib/simple_text.o
 .data          0x00000000049bb895        0x0 obj/default/hello_ucosii.o
 .data          0x00000000049bb895        0x0 obj/default/imagenes/back_down.o
 .data          0x00000000049bb895        0x0 obj/default/imagenes/back_up.o
 .data          0x00000000049bb895        0x0 obj/default/imagenes/backward_arrow.o
 .data          0x00000000049bb895        0x0 obj/default/imagenes/ford_down.o
 .data          0x00000000049bb895        0x0 obj/default/imagenes/ford_up.o
 .data          0x00000000049bb895        0x0 obj/default/imagenes/forward_arrow.o
 .data          0x00000000049bb895        0x0 obj/default/imagenes/pause_down.o
 .data          0x00000000049bb895        0x0 obj/default/imagenes/pause_up.o
 .data          0x00000000049bb895        0x0 obj/default/imagenes/play_down.o
 .data          0x00000000049bb895        0x0 obj/default/imagenes/play_up.o
 .data          0x00000000049bb895        0x0 obj/default/imagenes/stop_down.o
 .data          0x00000000049bb895        0x0 obj/default/imagenes/stop_up.o
 .data          0x00000000049bb895        0x0 obj/default/song/song.o
 .data          0x00000000049bb895        0x0 obj/default/song/song_2.o
 .data          0x00000000049bb895        0x0 obj/default/song/song_3.o
 .data          0x00000000049bb895        0x0 obj/default/student_code/student_code.o
 .data          0x00000000049bb895        0x0 obj/default/vip_fr.o
 .data          0x00000000049bb895        0x0 c:/totally_legal_version_of_quartus/nios2eds/bin/gnu/h-x86_64-mingw32/bin/../lib/gcc/nios2-elf/5.3.0\libgcc.a(lib2-divmod.o)
 .data          0x00000000049bb895        0x0 c:/totally_legal_version_of_quartus/nios2eds/bin/gnu/h-x86_64-mingw32/bin/../lib/gcc/nios2-elf/5.3.0\libgcc.a(fixsfsi.o)
 .data          0x00000000049bb895        0x0 c:/totally_legal_version_of_quartus/nios2eds/bin/gnu/h-x86_64-mingw32/bin/../lib/gcc/nios2-elf/5.3.0/../../../../../H-x86_64-mingw32/nios2-elf/lib\libc.a(lib_a-malloc.o)
 .data          0x00000000049bb895        0x0 c:/totally_legal_version_of_quartus/nios2eds/bin/gnu/h-x86_64-mingw32/bin/../lib/gcc/nios2-elf/5.3.0/../../../../../H-x86_64-mingw32/nios2-elf/lib\libc.a(lib_a-mallocr.o)
 *fill*         0x00000000049bb895        0x3 
 .data.__malloc_av_
                0x00000000049bb898      0x408 c:/totally_legal_version_of_quartus/nios2eds/bin/gnu/h-x86_64-mingw32/bin/../lib/gcc/nios2-elf/5.3.0/../../../../../H-x86_64-mingw32/nios2-elf/lib\libc.a(lib_a-mallocr.o)
                0x00000000049bb898                __malloc_av_
 .data          0x00000000049bbca0        0x0 c:/totally_legal_version_of_quartus/nios2eds/bin/gnu/h-x86_64-mingw32/bin/../lib/gcc/nios2-elf/5.3.0/../../../../../H-x86_64-mingw32/nios2-elf/lib\libc.a(lib_a-memcpy.o)
 .data          0x00000000049bbca0        0x0 c:/totally_legal_version_of_quartus/nios2eds/bin/gnu/h-x86_64-mingw32/bin/../lib/gcc/nios2-elf/5.3.0/../../../../../H-x86_64-mingw32/nios2-elf/lib\libc.a(lib_a-memset.o)
 .data          0x00000000049bbca0        0x0 c:/totally_legal_version_of_quartus/nios2eds/bin/gnu/h-x86_64-mingw32/bin/../lib/gcc/nios2-elf/5.3.0/../../../../../H-x86_64-mingw32/nios2-elf/lib\libc.a(lib_a-printf.o)
 .data          0x00000000049bbca0        0x0 c:/totally_legal_version_of_quartus/nios2eds/bin/gnu/h-x86_64-mingw32/bin/../lib/gcc/nios2-elf/5.3.0/../../../../../H-x86_64-mingw32/nios2-elf/lib\libc.a(lib_a-sbrkr.o)
 .data          0x00000000049bbca0        0x0 c:/totally_legal_version_of_quartus/nios2eds/bin/gnu/h-x86_64-mingw32/bin/../lib/gcc/nios2-elf/5.3.0/../../../../../H-x86_64-mingw32/nios2-elf/lib\libc.a(lib_a-strcpy.o)
 .data          0x00000000049bbca0        0x0 c:/totally_legal_version_of_quartus/nios2eds/bin/gnu/h-x86_64-mingw32/bin/../lib/gcc/nios2-elf/5.3.0/../../../../../H-x86_64-mingw32/nios2-elf/lib\libc.a(lib_a-strlen.o)
 .data          0x00000000049bbca0        0x0 c:/totally_legal_version_of_quartus/nios2eds/bin/gnu/h-x86_64-mingw32/bin/../lib/gcc/nios2-elf/5.3.0/../../../../../H-x86_64-mingw32/nios2-elf/lib\libc.a(lib_a-vfprintf.o)
 .data          0x00000000049bbca0        0x0 c:/totally_legal_version_of_quartus/nios2eds/bin/gnu/h-x86_64-mingw32/bin/../lib/gcc/nios2-elf/5.3.0/../../../../../H-x86_64-mingw32/nios2-elf/lib\libc.a(lib_a-wsetup.o)
 .data          0x00000000049bbca0        0x0 c:/totally_legal_version_of_quartus/nios2eds/bin/gnu/h-x86_64-mingw32/bin/../lib/gcc/nios2-elf/5.3.0/../../../../../H-x86_64-mingw32/nios2-elf/lib\libc.a(lib_a-dtoa.o)
 .data          0x00000000049bbca0        0x0 c:/totally_legal_version_of_quartus/nios2eds/bin/gnu/h-x86_64-mingw32/bin/../lib/gcc/nios2-elf/5.3.0/../../../../../H-x86_64-mingw32/nios2-elf/lib\libc.a(lib_a-fflush.o)
 .data          0x00000000049bbca0        0x0 c:/totally_legal_version_of_quartus/nios2eds/bin/gnu/h-x86_64-mingw32/bin/../lib/gcc/nios2-elf/5.3.0/../../../../../H-x86_64-mingw32/nios2-elf/lib\libc.a(lib_a-findfp.o)
 .data          0x00000000049bbca0        0x0 c:/totally_legal_version_of_quartus/nios2eds/bin/gnu/h-x86_64-mingw32/bin/../lib/gcc/nios2-elf/5.3.0/../../../../../H-x86_64-mingw32/nios2-elf/lib\libc.a(lib_a-freer.o)
 .data          0x00000000049bbca0        0x0 c:/totally_legal_version_of_quartus/nios2eds/bin/gnu/h-x86_64-mingw32/bin/../lib/gcc/nios2-elf/5.3.0/../../../../../H-x86_64-mingw32/nios2-elf/lib\libc.a(lib_a-fwalk.o)
 .data          0x00000000049bbca0        0x0 c:/totally_legal_version_of_quartus/nios2eds/bin/gnu/h-x86_64-mingw32/bin/../lib/gcc/nios2-elf/5.3.0/../../../../../H-x86_64-mingw32/nios2-elf/lib\libc.a(lib_a-impure.o)
 .data.impure_data
                0x00000000049bbca0      0x424 c:/totally_legal_version_of_quartus/nios2eds/bin/gnu/h-x86_64-mingw32/bin/../lib/gcc/nios2-elf/5.3.0/../../../../../H-x86_64-mingw32/nios2-elf/lib\libc.a(lib_a-impure.o)
 .data          0x00000000049bc0c4        0x0 c:/totally_legal_version_of_quartus/nios2eds/bin/gnu/h-x86_64-mingw32/bin/../lib/gcc/nios2-elf/5.3.0/../../../../../H-x86_64-mingw32/nios2-elf/lib\libc.a(lib_a-int_errno.o)
 .data          0x00000000049bc0c4        0x0 c:/totally_legal_version_of_quartus/nios2eds/bin/gnu/h-x86_64-mingw32/bin/../lib/gcc/nios2-elf/5.3.0/../../../../../H-x86_64-mingw32/nios2-elf/lib\libc.a(lib_a-locale.o)
 .data.lc_message_charset
                0x00000000049bc0c4       0x20 c:/totally_legal_version_of_quartus/nios2eds/bin/gnu/h-x86_64-mingw32/bin/../lib/gcc/nios2-elf/5.3.0/../../../../../H-x86_64-mingw32/nios2-elf/lib\libc.a(lib_a-locale.o)
 .data.lc_ctype_charset
                0x00000000049bc0e4       0x20 c:/totally_legal_version_of_quartus/nios2eds/bin/gnu/h-x86_64-mingw32/bin/../lib/gcc/nios2-elf/5.3.0/../../../../../H-x86_64-mingw32/nios2-elf/lib\libc.a(lib_a-locale.o)
 .data.lconv    0x00000000049bc104       0x38 c:/totally_legal_version_of_quartus/nios2eds/bin/gnu/h-x86_64-mingw32/bin/../lib/gcc/nios2-elf/5.3.0/../../../../../H-x86_64-mingw32/nios2-elf/lib\libc.a(lib_a-locale.o)
 .data          0x00000000049bc13c        0x0 c:/totally_legal_version_of_quartus/nios2eds/bin/gnu/h-x86_64-mingw32/bin/../lib/gcc/nios2-elf/5.3.0/../../../../../H-x86_64-mingw32/nios2-elf/lib\libc.a(lib_a-makebuf.o)
 .data          0x00000000049bc13c        0x0 c:/totally_legal_version_of_quartus/nios2eds/bin/gnu/h-x86_64-mingw32/bin/../lib/gcc/nios2-elf/5.3.0/../../../../../H-x86_64-mingw32/nios2-elf/lib\libc.a(lib_a-memchr.o)
 .data          0x00000000049bc13c        0x0 c:/totally_legal_version_of_quartus/nios2eds/bin/gnu/h-x86_64-mingw32/bin/../lib/gcc/nios2-elf/5.3.0/../../../../../H-x86_64-mingw32/nios2-elf/lib\libc.a(lib_a-mprec.o)
 .data          0x00000000049bc13c        0x0 c:/totally_legal_version_of_quartus/nios2eds/bin/gnu/h-x86_64-mingw32/bin/../lib/gcc/nios2-elf/5.3.0/../../../../../H-x86_64-mingw32/nios2-elf/lib\libc.a(lib_a-s_fpclassify.o)
 .data          0x00000000049bc13c        0x0 c:/totally_legal_version_of_quartus/nios2eds/bin/gnu/h-x86_64-mingw32/bin/../lib/gcc/nios2-elf/5.3.0/../../../../../H-x86_64-mingw32/nios2-elf/lib\libc.a(lib_a-stdio.o)
 .data          0x00000000049bc13c        0x0 c:/totally_legal_version_of_quartus/nios2eds/bin/gnu/h-x86_64-mingw32/bin/../lib/gcc/nios2-elf/5.3.0/../../../../../H-x86_64-mingw32/nios2-elf/lib\libc.a(lib_a-strcmp.o)
 .data          0x00000000049bc13c        0x0 c:/totally_legal_version_of_quartus/nios2eds/bin/gnu/h-x86_64-mingw32/bin/../lib/gcc/nios2-elf/5.3.0/../../../../../H-x86_64-mingw32/nios2-elf/lib\libc.a(lib_a-vfiprintf.o)
 .data          0x00000000049bc13c        0x0 c:/totally_legal_version_of_quartus/nios2eds/bin/gnu/h-x86_64-mingw32/bin/../lib/gcc/nios2-elf/5.3.0/../../../../../H-x86_64-mingw32/nios2-elf/lib\libc.a(lib_a-writer.o)
 .data          0x00000000049bc13c        0x0 c:/totally_legal_version_of_quartus/nios2eds/bin/gnu/h-x86_64-mingw32/bin/../lib/gcc/nios2-elf/5.3.0/../../../../../H-x86_64-mingw32/nios2-elf/lib\libc.a(closer.o)
 .data          0x00000000049bc13c        0x0 c:/totally_legal_version_of_quartus/nios2eds/bin/gnu/h-x86_64-mingw32/bin/../lib/gcc/nios2-elf/5.3.0/../../../../../H-x86_64-mingw32/nios2-elf/lib\libc.a(lib_a-callocr.o)
 .data          0x00000000049bc13c        0x0 c:/totally_legal_version_of_quartus/nios2eds/bin/gnu/h-x86_64-mingw32/bin/../lib/gcc/nios2-elf/5.3.0/../../../../../H-x86_64-mingw32/nios2-elf/lib\libc.a(lib_a-fclose.o)
 .data          0x00000000049bc13c        0x0 c:/totally_legal_version_of_quartus/nios2eds/bin/gnu/h-x86_64-mingw32/bin/../lib/gcc/nios2-elf/5.3.0/../../../../../H-x86_64-mingw32/nios2-elf/lib\libc.a(lib_a-fputwc.o)
 .data          0x00000000049bc13c        0x0 c:/totally_legal_version_of_quartus/nios2eds/bin/gnu/h-x86_64-mingw32/bin/../lib/gcc/nios2-elf/5.3.0/../../../../../H-x86_64-mingw32/nios2-elf/lib\libc.a(lib_a-fstatr.o)
 .data          0x00000000049bc13c        0x0 c:/totally_legal_version_of_quartus/nios2eds/bin/gnu/h-x86_64-mingw32/bin/../lib/gcc/nios2-elf/5.3.0/../../../../../H-x86_64-mingw32/nios2-elf/lib\libc.a(lib_a-fvwrite.o)
 .data          0x00000000049bc13c        0x0 c:/totally_legal_version_of_quartus/nios2eds/bin/gnu/h-x86_64-mingw32/bin/../lib/gcc/nios2-elf/5.3.0/../../../../../H-x86_64-mingw32/nios2-elf/lib\libc.a(lib_a-isattyr.o)
 .data          0x00000000049bc13c        0x0 c:/totally_legal_version_of_quartus/nios2eds/bin/gnu/h-x86_64-mingw32/bin/../lib/gcc/nios2-elf/5.3.0/../../../../../H-x86_64-mingw32/nios2-elf/lib\libc.a(lib_a-lseekr.o)
 .data          0x00000000049bc13c        0x0 c:/totally_legal_version_of_quartus/nios2eds/bin/gnu/h-x86_64-mingw32/bin/../lib/gcc/nios2-elf/5.3.0/../../../../../H-x86_64-mingw32/nios2-elf/lib\libc.a(lib_a-memmove.o)
 .data          0x00000000049bc13c        0x0 c:/totally_legal_version_of_quartus/nios2eds/bin/gnu/h-x86_64-mingw32/bin/../lib/gcc/nios2-elf/5.3.0/../../../../../H-x86_64-mingw32/nios2-elf/lib\libc.a(lib_a-readr.o)
 .data          0x00000000049bc13c        0x0 c:/totally_legal_version_of_quartus/nios2eds/bin/gnu/h-x86_64-mingw32/bin/../lib/gcc/nios2-elf/5.3.0/../../../../../H-x86_64-mingw32/nios2-elf/lib\libc.a(lib_a-reallocr.o)
 .data          0x00000000049bc13c        0x0 c:/totally_legal_version_of_quartus/nios2eds/bin/gnu/h-x86_64-mingw32/bin/../lib/gcc/nios2-elf/5.3.0/../../../../../H-x86_64-mingw32/nios2-elf/lib\libc.a(lib_a-wbuf.o)
 .data          0x00000000049bc13c        0x0 c:/totally_legal_version_of_quartus/nios2eds/bin/gnu/h-x86_64-mingw32/bin/../lib/gcc/nios2-elf/5.3.0/../../../../../H-x86_64-mingw32/nios2-elf/lib\libc.a(lib_a-wcrtomb.o)
 .data          0x00000000049bc13c        0x0 c:/totally_legal_version_of_quartus/nios2eds/bin/gnu/h-x86_64-mingw32/bin/../lib/gcc/nios2-elf/5.3.0/../../../../../H-x86_64-mingw32/nios2-elf/lib\libc.a(lib_a-wctomb_r.o)
 .data          0x00000000049bc13c        0x0 c:/totally_legal_version_of_quartus/nios2eds/bin/gnu/h-x86_64-mingw32/bin/../lib/gcc/nios2-elf/5.3.0\libgcc.a(_udivdi3.o)
 .data          0x00000000049bc13c        0x0 c:/totally_legal_version_of_quartus/nios2eds/bin/gnu/h-x86_64-mingw32/bin/../lib/gcc/nios2-elf/5.3.0\libgcc.a(_umoddi3.o)
 .data          0x00000000049bc13c        0x0 c:/totally_legal_version_of_quartus/nios2eds/bin/gnu/h-x86_64-mingw32/bin/../lib/gcc/nios2-elf/5.3.0\libgcc.a(adddf3.o)
 .data          0x00000000049bc13c        0x0 c:/totally_legal_version_of_quartus/nios2eds/bin/gnu/h-x86_64-mingw32/bin/../lib/gcc/nios2-elf/5.3.0\libgcc.a(divdf3.o)
 .data          0x00000000049bc13c        0x0 c:/totally_legal_version_of_quartus/nios2eds/bin/gnu/h-x86_64-mingw32/bin/../lib/gcc/nios2-elf/5.3.0\libgcc.a(eqdf2.o)